Archive member included to satisfy reference by file (symbol)

F:/anzhuang/arm-gun-gcc/bin/../lib/gcc/arm-none-eabi/15.2.1/../../../../arm-none-eabi/lib/thumb/v7e-m+fp/hard\libc_nano.a(libc_a-exit.o)
                              F:/anzhuang/arm-gun-gcc/bin/../lib/gcc/arm-none-eabi/15.2.1/../../../../arm-none-eabi/lib/thumb/v7e-m+fp/hard/crt0.o (exit)
F:/anzhuang/arm-gun-gcc/bin/../lib/gcc/arm-none-eabi/15.2.1/../../../../arm-none-eabi/lib/thumb/v7e-m+fp/hard\libc_nano.a(libc_a-nano-vfprintf_float.o)
                              (_printf_float)
F:/anzhuang/arm-gun-gcc/bin/../lib/gcc/arm-none-eabi/15.2.1/../../../../arm-none-eabi/lib/thumb/v7e-m+fp/hard\libc_nano.a(libc_a-nano-vfprintf_i.o)
                              F:/anzhuang/arm-gun-gcc/bin/../lib/gcc/arm-none-eabi/15.2.1/../../../../arm-none-eabi/lib/thumb/v7e-m+fp/hard\libc_nano.a(libc_a-nano-vfprintf_float.o) (_printf_common)
F:/anzhuang/arm-gun-gcc/bin/../lib/gcc/arm-none-eabi/15.2.1/../../../../arm-none-eabi/lib/thumb/v7e-m+fp/hard\libc_nano.a(libc_a-findfp.o)
                              F:/anzhuang/arm-gun-gcc/bin/../lib/gcc/arm-none-eabi/15.2.1/../../../../arm-none-eabi/lib/thumb/v7e-m+fp/hard\libc_nano.a(libc_a-exit.o) (__stdio_exit_handler)
F:/anzhuang/arm-gun-gcc/bin/../lib/gcc/arm-none-eabi/15.2.1/../../../../arm-none-eabi/lib/thumb/v7e-m+fp/hard\libc_nano.a(libc_a-fwalk.o)
                              F:/anzhuang/arm-gun-gcc/bin/../lib/gcc/arm-none-eabi/15.2.1/../../../../arm-none-eabi/lib/thumb/v7e-m+fp/hard\libc_nano.a(libc_a-findfp.o) (_fwalk_sglue)
F:/anzhuang/arm-gun-gcc/bin/../lib/gcc/arm-none-eabi/15.2.1/../../../../arm-none-eabi/lib/thumb/v7e-m+fp/hard\libc_nano.a(libc_a-stdio.o)
                              F:/anzhuang/arm-gun-gcc/bin/../lib/gcc/arm-none-eabi/15.2.1/../../../../arm-none-eabi/lib/thumb/v7e-m+fp/hard\libc_nano.a(libc_a-findfp.o) (__sread)
F:/anzhuang/arm-gun-gcc/bin/../lib/gcc/arm-none-eabi/15.2.1/../../../../arm-none-eabi/lib/thumb/v7e-m+fp/hard\libc_nano.a(libc_a-memset.o)
                              F:/anzhuang/arm-gun-gcc/bin/../lib/gcc/arm-none-eabi/15.2.1/../../../../arm-none-eabi/lib/thumb/v7e-m+fp/hard/crt0.o (memset)
F:/anzhuang/arm-gun-gcc/bin/../lib/gcc/arm-none-eabi/15.2.1/../../../../arm-none-eabi/lib/thumb/v7e-m+fp/hard\libc_nano.a(libc_a-localeconv.o)
                              F:/anzhuang/arm-gun-gcc/bin/../lib/gcc/arm-none-eabi/15.2.1/../../../../arm-none-eabi/lib/thumb/v7e-m+fp/hard\libc_nano.a(libc_a-nano-vfprintf_float.o) (_localeconv_r)
F:/anzhuang/arm-gun-gcc/bin/../lib/gcc/arm-none-eabi/15.2.1/../../../../arm-none-eabi/lib/thumb/v7e-m+fp/hard\libc_nano.a(libc_a-closer.o)
                              F:/anzhuang/arm-gun-gcc/bin/../lib/gcc/arm-none-eabi/15.2.1/../../../../arm-none-eabi/lib/thumb/v7e-m+fp/hard\libc_nano.a(libc_a-stdio.o) (_close_r)
F:/anzhuang/arm-gun-gcc/bin/../lib/gcc/arm-none-eabi/15.2.1/../../../../arm-none-eabi/lib/thumb/v7e-m+fp/hard\libc_nano.a(libc_a-reent.o)
                              F:/anzhuang/arm-gun-gcc/bin/../lib/gcc/arm-none-eabi/15.2.1/../../../../arm-none-eabi/lib/thumb/v7e-m+fp/hard\libc_nano.a(libc_a-closer.o) (errno)
F:/anzhuang/arm-gun-gcc/bin/../lib/gcc/arm-none-eabi/15.2.1/../../../../arm-none-eabi/lib/thumb/v7e-m+fp/hard\libc_nano.a(libc_a-impure.o)
                              F:/anzhuang/arm-gun-gcc/bin/../lib/gcc/arm-none-eabi/15.2.1/../../../../arm-none-eabi/lib/thumb/v7e-m+fp/hard\libc_nano.a(libc_a-reent.o) (_impure_ptr)
F:/anzhuang/arm-gun-gcc/bin/../lib/gcc/arm-none-eabi/15.2.1/../../../../arm-none-eabi/lib/thumb/v7e-m+fp/hard\libc_nano.a(libc_a-lseekr.o)
                              F:/anzhuang/arm-gun-gcc/bin/../lib/gcc/arm-none-eabi/15.2.1/../../../../arm-none-eabi/lib/thumb/v7e-m+fp/hard\libc_nano.a(libc_a-stdio.o) (_lseek_r)
F:/anzhuang/arm-gun-gcc/bin/../lib/gcc/arm-none-eabi/15.2.1/../../../../arm-none-eabi/lib/thumb/v7e-m+fp/hard\libc_nano.a(libc_a-readr.o)
                              F:/anzhuang/arm-gun-gcc/bin/../lib/gcc/arm-none-eabi/15.2.1/../../../../arm-none-eabi/lib/thumb/v7e-m+fp/hard\libc_nano.a(libc_a-stdio.o) (_read_r)
F:/anzhuang/arm-gun-gcc/bin/../lib/gcc/arm-none-eabi/15.2.1/../../../../arm-none-eabi/lib/thumb/v7e-m+fp/hard\libc_nano.a(libc_a-writer.o)
                              F:/anzhuang/arm-gun-gcc/bin/../lib/gcc/arm-none-eabi/15.2.1/../../../../arm-none-eabi/lib/thumb/v7e-m+fp/hard\libc_nano.a(libc_a-stdio.o) (_write_r)
F:/anzhuang/arm-gun-gcc/bin/../lib/gcc/arm-none-eabi/15.2.1/../../../../arm-none-eabi/lib/thumb/v7e-m+fp/hard\libc_nano.a(libc_a-init.o)
                              F:/anzhuang/arm-gun-gcc/bin/../lib/gcc/arm-none-eabi/15.2.1/../../../../arm-none-eabi/lib/thumb/v7e-m+fp/hard/crt0.o (__libc_init_array)
F:/anzhuang/arm-gun-gcc/bin/../lib/gcc/arm-none-eabi/15.2.1/../../../../arm-none-eabi/lib/thumb/v7e-m+fp/hard\libc_nano.a(libc_a-lock.o)
[...]
Memory Configuration

Name             Origin             Length             Attributes
FLASH            0x08000000         0x00300000         xr
SRAM             0x20000000         0x00030000         xrw
TCM              0x10000000         0x00010000         xrw
*default*        0x00000000         0xffffffff

Linker script and memory map

LOAD F:/anzhuang/arm-gun-gcc/bin/../lib/gcc/arm-none-eabi/15.2.1/thumb/v7e-m+fp/hard/crti.o
LOAD F:/anzhuang/arm-gun-gcc/bin/../lib/gcc/arm-none-eabi/15.2.1/thumb/v7e-m+fp/hard/crtbegin.o
LOAD F:/anzhuang/arm-gun-gcc/bin/../lib/gcc/arm-none-eabi/15.2.1/../../../../arm-none-eabi/lib/thumb/v7e-m+fp/hard/crt0.o
LOAD F:/anzhuang/arm-gun-gcc/bin/../lib/gcc/arm-none-eabi/15.2.1/../../../../arm-none-eabi/lib/thumb/v7e-m+fp/hard\libc_nano.a
LOAD F:/anzhuang/arm-gun-gcc/bin/../lib/gcc/arm-none-eabi/15.2.1/../../../../arm-none-eabi/lib/thumb/v7e-m+fp/hard\libm.a
LOAD F:/anzhuang/arm-gun-gcc/bin/../lib/gcc/arm-none-eabi/15.2.1/../../../../arm-none-eabi/lib/thumb/v7e-m+fp/hard\libnosys.a
LOAD CMakeFiles/PLANT_ASSISTANT.dir/F_/download/1111/plant_assistant/demo/Project/Application/src/main.c.obj
LOAD CMakeFiles/PLANT_ASSISTANT.dir/F_/download/1111/plant_assistant/demo/Project/Application/src/plant_logic.c.obj
LOAD CMakeFiles/PLANT_ASSISTANT.dir/F_/download/1111/plant_assistant/demo/Project/GD32F470Z_BSP/src/i2c.c.obj
LOAD CMakeFiles/PLANT_ASSISTANT.dir/F_/download/1111/plant_assistant/demo/Project/GD32F470Z_BSP/src/systick.c.obj
LOAD CMakeFiles/PLANT_ASSISTANT.dir/F_/download/1111/plant_assistant/demo/Project/GD32F470Z_BSP/src/gd32f470z_eval.c.obj
LOAD CMakeFiles/PLANT_ASSISTANT.dir/F_/download/1111/plant_assistant/demo/Project/GD32F470Z_BSP/src/s1.c.obj
LOAD CMakeFiles/PLANT_ASSISTANT.dir/F_/download/1111/plant_assistant/demo/Project/GD32F470Z_BSP/src/e1.c.obj
LOAD CMakeFiles/PLANT_ASSISTANT.dir/F_/download/1111/plant_assistant/demo/Project/GD32F470Z_BSP/src/e2.c.obj
LOAD CMakeFiles/PLANT_ASSISTANT.dir/F_/download/1111/plant_assistant/demo/Project/GD32F470Z_BSP/src/e3.c.obj
LOAD CMakeFiles/PLANT_ASSISTANT.dir/F_/download/1111/plant_assistant/demo/Project/GD32F470Z_BSP/src/c2.c.obj
LOAD CMakeFiles/PLANT_ASSISTANT.dir/F_/download/1111/plant_assistant/demo/Project/GD32F470Z_BSP/src/uart.c.obj
LOAD CMakeFiles/PLANT_ASSISTANT.dir/F_/download/1111/plant_assistant/Library/Firmware/GD32F4xx_standard_peripheral/Source/gd32f4xx_gpio.c.obj
LOAD CMakeFiles/PLANT_ASSISTANT.dir/F_/download/1111/plant_assistant/Library/Firmware/GD32F4xx_standard_peripheral/Source/gd32f4xx_i2c.c.obj
LOAD CMakeFiles/PLANT_ASSISTANT.dir/F_/download/1111/plant_assistant/Library/Firmware/GD32F4xx_standard_peripheral/Source/gd32f4xx_usart.c.obj
LOAD CMakeFiles/PLANT_ASSISTANT.dir/F_/download/1111/plant_assistant/Library/Firmware/GD32F4xx_standard_peripheral/Source/gd32f4xx_rcu.c.obj
LOAD CMakeFiles/PLANT_ASSISTANT.dir/F_/download/1111/plant_assistant/Library/Firmware/GD32F4xx_standard_peripheral/Source/gd32f4xx_syscfg.c.obj
LOAD CMakeFiles/PLANT_ASSISTANT.dir/F_/download/1111/plant_assistant/Library/Firmware/GD32F4xx_standard_peripheral/Source/gd32f4xx_exti.c.obj
LOAD CMakeFiles/PLANT_ASSISTANT.dir/F_/download/1111/plant_assistant/Library/Firmware/GD32F4xx_standard_peripheral/Source/gd32f4xx_dma.c.obj
LOAD CMakeFiles/PLANT_ASSISTANT.dir/F_/download/1111/plant_assistant/Library/Firmware/GD32F4xx_standard_peripheral/Source/gd32f4xx_misc.c.obj
LOAD CMakeFiles/PLANT_ASSISTANT.dir/F_/download/1111/plant_assistant/Library/Firmware/GD32F4xx_standard_peripheral/Source/gd32f4xx_timer.c.obj
LOAD CMakeFiles/PLANT_ASSISTANT.dir/F_/download/1111/plant_assistant/Library/Firmware/CMSIS/GD/GD32F4xx/Source/system_gd32f4xx.c.obj
LOAD CMakeFiles/PLANT_ASSISTANT.dir/startup_gd32f470_gcc.S.obj
START GROUP
LOAD F:/anzhuang/arm-gun-gcc/bin/../lib/gcc/arm-none-eabi/15.2.1/thumb/v7e-m+fp/hard\libgcc.a
LOAD F:/anzhuang/arm-gun-gcc/bin/../lib/gcc/arm-none-eabi/15.2.1/../../../../arm-none-eabi/lib/thumb/v7e-m+fp/hard\libc_nano.a
END GROUP
START GROUP
LOAD F:/anzhuang/arm-gun-gcc/bin/../lib/gcc/arm-none-eabi/15.2.1/thumb/v7e-m+fp/hard\libgcc.a
LOAD F:/anzhuang/arm-gun-gcc/bin/../lib/gcc/arm-none-eabi/15.2.1/../../../../arm-none-eabi/lib/thumb/v7e-m+fp/hard\libc_nano.a
LOAD F:/anzhuang/arm-gun-gcc/bin/../lib/gcc/arm-none-eabi/15.2.1/../../../../arm-none-eabi/lib/thumb/v7e-m+fp/hard\libnosys.a
END GROUP
START GROUP
LOAD F:/anzhuang/arm-gun-gcc/bin/../lib/gcc/arm-none-eabi/15.2.1/thumb/v7e-m+fp/hard\libgcc.a
LOAD F:/anzhuang/arm-gun-gcc/bin/../lib/gcc/arm-none-eabi/15.2.1/../../../../arm-none-eabi/lib/thumb/v7e-m+fp/hard\libc_nano.a
LOAD F:/anzhuang/arm-gun-gcc/bin/../lib/gcc/arm-none-eabi/15.2.1/../../../../arm-none-eabi/lib/thumb/v7e-m+fp/hard\libnosys.a
END GROUP
LOAD F:/anzhuang/arm-gun-gcc/bin/../lib/gcc/arm-none-eabi/15.2.1/thumb/v7e-m+fp/hard/crtend.o
LOAD F:/anzhuang/arm-gun-gcc/bin/../lib/gcc/arm-none-eabi/15.2.1/thumb/v7e-m+fp/hard/crtn.o
                0x10010000                        _estack = (ORIGIN (TCM) + LENGTH (TCM))
                0x00000400                        _Min_Heap_Size = 0x400
                0x00000400                        _Min_Stack_Size = 0x400

.isr_vector     0x08000000      0x1ac
                0x08000000                        . = ALIGN (0x4)
 *(.isr_vector)
 .isr_vector    0x08000000      0x1ac CMakeFiles/PLANT_ASSISTANT.dir/startup_gd32f470_gcc.S.obj
                0x08000000                g_pfnVectors
                0x080001ac                        . = ALIGN (0x4)

.text           0x080001b0     0x7b10
                0x080001b0                        . = ALIGN (0x4)
 *(.text)
 .text          0x080001b0       0xa0 F:/anzhuang/arm-gun-gcc/bin/../lib/gcc/arm-none-eabi/15.2.1/../../../../arm-none-eabi/lib/thumb/v7e-m+fp/hard\libc_nano.a(libc_a-memchr.o)
                0x080001b0                memchr
 .text          0x08000250       0x10 F:/anzhuang/arm-gun-gcc/bin/../lib/gcc/arm-none-eabi/15.2.1/../../../../arm-none-eabi/lib/thumb/v7e-m+fp/hard\libc_nano.a(libc_a-strlen.o)
                0x08000250                strlen
 .text          0x08000260       0x70 CMakeFiles/PLANT_ASSISTANT.dir/startup_gd32f470_gcc.S.obj
                0x08000260                Reset_Handler
                0x08000290                NMI_Handler
                0x08000294                HardFault_Handler
                0x08000298                MemManage_Handler
                0x0800029c                BusFault_Handler
                0x080002a0                UsageFault_Handler
                0x080002a4                SVC_Handler
                0x080002a8                DebugMon_Handler
                0x080002ac                PendSV_Handler
                0x080002b4                SDIO_IRQHandler
                0x080002b4                TIMER7_UP_TIMER12_IRQHandler
                0x080002b4                LVD_IRQHandler
                0x080002b4                EXTI3_IRQHandler
                0x080002b4                DCI_IRQHandler
                0x080002b4                USBFS_WKUP_IRQHandler
                0x080002b4                USBHS_IRQHandler
                0x080002b4                IPA_IRQHandler
                0x080002b4                CAN1_EWMC_IRQHandler
                0x080002b4                TIMER0_TRG_CMT_TIMER10_IRQHandler
                0x080002b4                USBFS_IRQHandler
                0x080002b4                TIMER3_IRQHandler
                0x080002b4                DMA0_Channel6_IRQHandler
                0x080002b4                I2C0_EV_IRQHandler
                0x080002b4                EXTI0_IRQHandler
                0x080002b4                I2C2_EV_IRQHandler
                0x080002b4                CAN1_RX0_IRQHandler
                0x080002b4                FPU_IRQHandler
                0x080002b4                TIMER7_TRG_CMT_TIMER13_IRQHandler
                0x080002b4                TIMER5_DAC_IRQHandler
                0x080002b4                TIMER4_IRQHandler
                0x080002b4                SPI1_IRQHandler
                0x080002b4                DMA0_Channel0_IRQHandler
                0x080002b4                USART5_IRQHandler
                0x080002b4                TIMER0_BRK_TIMER8_IRQHandler
                0x080002b4                DMA1_Channel0_IRQHandler
                0x080002b4                TIMER7_BRK_TIMER11_IRQHandler
                0x080002b4                TIMER6_IRQHandler
                0x080002b4                DMA1_Channel4_IRQHandler
                0x080002b4                DMA0_Channel3_IRQHandler
                0x080002b4                I2C0_ER_IRQHandler
                0x080002b4                TLI_IRQHandler
                0x080002b4                TIMER0_UP_TIMER9_IRQHandler
                0x080002b4                DMA1_Channel7_IRQHandler
                0x080002b4                TIMER2_IRQHandler
                0x080002b4                CAN1_RX1_IRQHandler
                0x080002b4                DMA0_Channel2_IRQHandler
                0x080002b4                TIMER1_IRQHandler
                0x080002b4                I2C1_EV_IRQHandler
                0x080002b4                DMA1_Channel6_IRQHandler
                0x080002b4                UART4_IRQHandler
                0x080002b4                EXTI10_15_IRQHandler
                0x080002b4                DMA1_Channel1_IRQHandler
                0x080002b4                TIMER7_Channel_IRQHandler
                0x080002b4                DMA0_Channel7_IRQHandler
                0x080002b4                ADC_IRQHandler
                0x080002b4                CAN0_TX_IRQHandler
                0x080002b4                WWDGT_IRQHandler
                0x080002b4                EXMC_IRQHandler
                0x080002b4                SPI5_IRQHandler
                0x080002b4                TAMPER_STAMP_IRQHandler
                0x080002b4                RTC_WKUP_IRQHandler
                0x080002b4                SPI2_IRQHandler
                0x080002b4                EXTI2_IRQHandler
                0x080002b4                CAN1_TX_IRQHandler
                0x080002b4                SPI4_IRQHandler
                0x080002b4                RCU_CTC_IRQHandler
                0x080002b4                DMA1_Channel5_IRQHandler
                0x080002b4                EXTI4_IRQHandler
                0x080002b4                CAN0_RX1_IRQHandler
                0x080002b4                DMA0_Channel5_IRQHandler
                0x080002b4                DMA1_Channel3_IRQHandler
                0x080002b4                EXTI5_9_IRQHandler
                0x080002b4                DMA0_Channel1_IRQHandler
                0x080002b4                TIMER0_Channel_IRQHandler
                0x080002b4                EXTI1_IRQHandler
                0x080002b4                ENET_WKUP_IRQHandler
                0x080002b4                USBHS_EP1_In_IRQHandler
                0x080002b4                SPI0_IRQHandler
                0x080002b4                UART7_IRQHandler
                0x080002b4                UART6_IRQHandler
                0x080002b4                CAN0_EWMC_IRQHandler
                0x080002b4                CAN0_RX0_IRQHandler
                0x080002b4                I2C2_ER_IRQHandler
                0x080002b4                DMA1_Channel2_IRQHandler
                0x080002b4                TLI_ER_IRQHandler
                0x080002b4                RTC_Alarm_IRQHandler
                0x080002b4                USART1_IRQHandler
                0x080002b4                SPI3_IRQHandler
                0x080002b4                UART3_IRQHandler
                0x080002b4                I2C1_ER_IRQHandler
                0x080002b4                FMC_IRQHandler
                0x080002b4                USBHS_WKUP_IRQHandler
                0x080002b4                DMA0_Channel4_IRQHandler
                0x080002b4                TRNG_IRQHandler
                0x080002b4                ENET_IRQHandler
                0x080002b4                USBHS_EP1_Out_IRQHandler
 .text          0x080002d0      0x378 F:/anzhuang/arm-gun-gcc/bin/../lib/gcc/arm-none-eabi/15.2.1/thumb/v7e-m+fp/hard\libgcc.a(_arm_addsubdf3.o)
                0x080002d0                __aeabi_drsub
                0x080002d8                __aeabi_dsub
                0x080002d8                __subdf3
                0x080002dc                __aeabi_dadd
                0x080002dc                __adddf3
                0x08000554                __floatunsidf
                0x08000554                __aeabi_ui2d
                0x08000574                __floatsidf
                0x08000574                __aeabi_i2d
                0x08000598                __aeabi_f2d
                0x08000598                __extendsfdf2
                0x080005dc                __floatundidf
                0x080005dc                __aeabi_ul2d
                0x080005ec                __floatdidf
                0x080005ec                __aeabi_l2d
 .text          0x08000648      0x424 F:/anzhuang/arm-gun-gcc/bin/../lib/gcc/arm-none-eabi/15.2.1/thumb/v7e-m+fp/hard\libgcc.a(_arm_muldivdf3.o)
                0x08000648                __aeabi_dmul
                0x08000648                __muldf3
                0x0800089c                __divdf3
                0x0800089c                __aeabi_ddiv
 .text          0x08000a6c      0x110 F:/anzhuang/arm-gun-gcc/bin/../lib/gcc/arm-none-eabi/15.2.1/thumb/v7e-m+fp/hard\libgcc.a(_arm_cmpdf2.o)
                0x08000a6c                __gtdf2
                0x08000a6c                __gedf2
                0x08000a74                __ltdf2
                0x08000a74                __ledf2
                0x08000a7c                __nedf2
                0x08000a7c                __eqdf2
                0x08000a7c                __cmpdf2
                0x08000af8                __aeabi_cdrcmple
                0x08000b08                __aeabi_cdcmpeq
                0x08000b08                __aeabi_cdcmple
                0x08000b18                __aeabi_dcmpeq
                0x08000b2c                __aeabi_dcmplt
                0x08000b40                __aeabi_dcmple
                0x08000b54                __aeabi_dcmpge
                0x08000b68                __aeabi_dcmpgt
 .text          0x08000b7c       0x2c F:/anzhuang/arm-gun-gcc/bin/../lib/gcc/arm-none-eabi/15.2.1/thumb/v7e-m+fp/hard\libgcc.a(_arm_unorddf2.o)
                0x08000b7c                __unorddf2
                0x08000b7c                __aeabi_dcmpun
 .text          0x08000ba8       0x50 F:/anzhuang/arm-gun-gcc/bin/../lib/gcc/arm-none-eabi/15.2.1/thumb/v7e-m+fp/hard\libgcc.a(_arm_fixdfsi.o)
                0x08000ba8                __aeabi_d2iz
                0x08000ba8                __fixdfsi
 .text          0x08000bf8       0xa0 F:/anzhuang/arm-gun-gcc/bin/../lib/gcc/arm-none-eabi/15.2.1/thumb/v7e-m+fp/hard\libgcc.a(_arm_truncdfsf2.o)
                0x08000bf8                __truncdfsf2
                0x08000bf8                __aeabi_d2f
 .text          0x08000c98       0x40 F:/anzhuang/arm-gun-gcc/bin/../lib/gcc/arm-none-eabi/15.2.1/thumb/v7e-m+fp/hard\libgcc.a(_arm_fixunsdfsi.o)
                0x08000c98                __aeabi_d2uiz
                0x08000c98                __fixunsdfsi
 *(.text*)
 .text.deregister_tm_clones
                0x08000cd8       0x1c F:/anzhuang/arm-gun-gcc/bin/../lib/gcc/arm-none-eabi/15.2.1/thumb/v7e-m+fp/hard/crtbegin.o
 .text.register_tm_clones
                0x08000cf4       0x24 F:/anzhuang/arm-gun-gcc/bin/../lib/gcc/arm-none-eabi/15.2.1/thumb/v7e-m+fp/hard/crtbegin.o
 .text.__do_global_dtors_aux
                0x08000d18       0x28 F:/anzhuang/arm-gun-gcc/bin/../lib/gcc/arm-none-eabi/15.2.1/thumb/v7e-m+fp/hard/crtbegin.o
 .text.frame_dummy
                0x08000d40       0x24 F:/anzhuang/arm-gun-gcc/bin/../lib/gcc/arm-none-eabi/15.2.1/thumb/v7e-m+fp/hard/crtbegin.o
 .text.__cvt    0x08000d64       0xbe F:/anzhuang/arm-gun-gcc/bin/../lib/gcc/arm-none-eabi/15.2.1/../../../../arm-none-eabi/lib/thumb/v7e-m+fp/hard\libc_nano.a(libc_a-nano-vfprintf_float.o)
                0x08000d64                __cvt
 .text.__exponent
                0x08000e22       0x76 F:/anzhuang/arm-gun-gcc/bin/../lib/gcc/arm-none-eabi/15.2.1/../../../../arm-none-eabi/lib/thumb/v7e-m+fp/hard\libc_nano.a(libc_a-nano-vfprintf_float.o)
                0x08000e22                __exponent
 .text._printf_float
                0x08000e98      0x448 F:/anzhuang/arm-gun-gcc/bin/../lib/gcc/arm-none-eabi/15.2.1/../../../../arm-none-eabi/lib/thumb/v7e-m+fp/hard\libc_nano.a(libc_a-nano-vfprintf_float.o)
                0x08000e98                _printf_float
 .text._printf_common
                0x080012e0       0xea F:/anzhuang/arm-gun-gcc/bin/../lib/gcc/arm-none-eabi/15.2.1/../../../../arm-none-eabi/lib/thumb/v7e-m+fp/hard\libc_nano.a(libc_a-nano-vfprintf_i.o)
                0x080012e0                _printf_common
 *fill*         0x080013ca        0x2 
 .text._printf_i
                0x080013cc      0x254 F:/anzhuang/arm-gun-gcc/bin/../lib/gcc/arm-none-eabi/15.2.1/../../../../arm-none-eabi/lib/thumb/v7e-m+fp/hard\libc_nano.a(libc_a-nano-vfprintf_i.o)
                0x080013cc                _printf_i
 .text.std      0x08001620       0x6c F:/anzhuang/arm-gun-gcc/bin/../lib/gcc/arm-none-eabi/15.2.1/../../../../arm-none-eabi/lib/thumb/v7e-m+fp/hard\libc_nano.a(libc_a-findfp.o)
 .text.stdio_exit_handler
                0x0800168c       0x18 F:/anzhuang/arm-gun-gcc/bin/../lib/gcc/arm-none-eabi/15.2.1/../../../../arm-none-eabi/lib/thumb/v7e-m+fp/hard\libc_nano.a(libc_a-findfp.o)
 .text.cleanup_stdio
                0x080016a4       0x40 F:/anzhuang/arm-gun-gcc/bin/../lib/gcc/arm-none-eabi/15.2.1/../../../../arm-none-eabi/lib/thumb/v7e-m+fp/hard\libc_nano.a(libc_a-findfp.o)
 .text.global_stdio_init.part.0
                0x080016e4       0x40 F:/anzhuang/arm-gun-gcc/bin/../lib/gcc/arm-none-eabi/15.2.1/../../../../arm-none-eabi/lib/thumb/v7e-m+fp/hard\libc_nano.a(libc_a-findfp.o)
 .text.__sfp_lock_acquire
                0x08001724        0xc F:/anzhuang/arm-gun-gcc/bin/../lib/gcc/arm-none-eabi/15.2.1/../../../../arm-none-eabi/lib/thumb/v7e-m+fp/hard\libc_nano.a(libc_a-findfp.o)
                0x08001724                __sfp_lock_acquire
 .text.__sfp_lock_release
                0x08001730        0xc F:/anzhuang/arm-gun-gcc/bin/../lib/gcc/arm-none-eabi/15.2.1/../../../../arm-none-eabi/lib/thumb/v7e-m+fp/hard\libc_nano.a(libc_a-findfp.o)
                0x08001730                __sfp_lock_release
 .text.__sinit  0x0800173c       0x30 F:/anzhuang/arm-gun-gcc/bin/../lib/gcc/arm-none-eabi/15.2.1/../../../../arm-none-eabi/lib/thumb/v7e-m+fp/hard\libc_nano.a(libc_a-findfp.o)
                0x0800173c                __sinit
 .text._fwalk_sglue
                0x0800176c       0x3a F:/anzhuang/arm-gun-gcc/bin/../lib/gcc/arm-none-eabi/15.2.1/../../../../arm-none-eabi/lib/thumb/v7e-m+fp/hard\libc_nano.a(libc_a-fwalk.o)
                0x0800176c                _fwalk_sglue
 .text.__sread  0x080017a6       0x22 F:/anzhuang/arm-gun-gcc/bin/../lib/gcc/arm-none-eabi/15.2.1/../../../../arm-none-eabi/lib/thumb/v7e-m+fp/hard\libc_nano.a(libc_a-stdio.o)
                0x080017a6                __sread
 .text.__swrite
                0x080017c8       0x38 F:/anzhuang/arm-gun-gcc/bin/../lib/gcc/arm-none-eabi/15.2.1/../../../../arm-none-eabi/lib/thumb/v7e-m+fp/hard\libc_nano.a(libc_a-stdio.o)
                0x080017c8                __swrite
 .text.__sseek  0x08001800       0x26 F:/anzhuang/arm-gun-gcc/bin/../lib/gcc/arm-none-eabi/15.2.1/../../../../arm-none-eabi/lib/thumb/v7e-m+fp/hard\libc_nano.a(libc_a-stdio.o)
                0x08001800                __sseek
 .text.__sclose
                0x08001826        0x8 F:/anzhuang/arm-gun-gcc/bin/../lib/gcc/arm-none-eabi/15.2.1/../../../../arm-none-eabi/lib/thumb/v7e-m+fp/hard\libc_nano.a(libc_a-stdio.o)
                0x08001826                __sclose
 .text.memset   0x0800182e       0x10 F:/anzhuang/arm-gun-gcc/bin/../lib/gcc/arm-none-eabi/15.2.1/../../../../arm-none-eabi/lib/thumb/v7e-m+fp/hard\libc_nano.a(libc_a-memset.o)
                0x0800182e                memset
 *fill*         0x0800183e        0x2 
 .text._localeconv_r
                0x08001840        0x8 F:/anzhuang/arm-gun-gcc/bin/../lib/gcc/arm-none-eabi/15.2.1/../../../../arm-none-eabi/lib/thumb/v7e-m+fp/hard\libc_nano.a(libc_a-localeconv.o)
                0x08001840                _localeconv_r
 .text._close_r
                0x08001848       0x20 F:/anzhuang/arm-gun-gcc/bin/../lib/gcc/arm-none-eabi/15.2.1/../../../../arm-none-eabi/lib/thumb/v7e-m+fp/hard\libc_nano.a(libc_a-closer.o)
                0x08001848                _close_r
 .text._lseek_r
                0x08001868       0x24 F:/anzhuang/arm-gun-gcc/bin/../lib/gcc/arm-none-eabi/15.2.1/../../../../arm-none-eabi/lib/thumb/v7e-m+fp/hard\libc_nano.a(libc_a-lseekr.o)
                0x08001868                _lseek_r
 .text._read_r  0x0800188c       0x24 F:/anzhuang/arm-gun-gcc/bin/../lib/gcc/arm-none-eabi/15.2.1/../../../../arm-none-eabi/lib/thumb/v7e-m+fp/hard\libc_nano.a(libc_a-readr.o)
                0x0800188c                _read_r
 .text._write_r
                0x080018b0       0x24 F:/anzhuang/arm-gun-gcc/bin/../lib/gcc/arm-none-eabi/15.2.1/../../../../arm-none-eabi/lib/thumb/v7e-m+fp/hard\libc_nano.a(libc_a-writer.o)
                0x080018b0                _write_r
 .text.__retarget_lock_init_recursive
                0x080018d4        0x2 F:/anzhuang/arm-gun-gcc/bin/../lib/gcc/arm-none-eabi/15.2.1/../../../../arm-none-eabi/lib/thumb/v7e-m+fp/hard\libc_nano.a(libc_a-lock.o)
                0x080018d4                __retarget_lock_init_recursive
 .text.__retarget_lock_acquire_recursive
                0x080018d6        0x2 F:/anzhuang/arm-gun-gcc/bin/../lib/gcc/arm-none-eabi/15.2.1/../../../../arm-none-eabi/lib/thumb/v7e-m+fp/hard\libc_nano.a(libc_a-lock.o)
                0x080018d6                __retarget_lock_acquire_recursive
 .text.__retarget_lock_release_recursive
                0x080018d8        0x2 F:/anzhuang/arm-gun-gcc/bin/../lib/gcc/arm-none-eabi/15.2.1/../../../../arm-none-eabi/lib/thumb/v7e-m+fp/hard\libc_nano.a(libc_a-lock.o)
                0x080018d8                __retarget_lock_release_recursive
 .text.quorem   0x080018da      0x110 F:/anzhuang/arm-gun-gcc/bin/../lib/gcc/arm-none-eabi/15.2.1/../../../../arm-none-eabi/lib/thumb/v7e-m+fp/hard\libc_nano.a(libc_a-dtoa.o)
 *fill*         0x080019ea        0x6 
 .text._dtoa_r  0x080019f0      0xbac F:/anzhuang/arm-gun-gcc/bin/../lib/gcc/arm-none-eabi/15.2.1/../../../../arm-none-eabi/lib/thumb/v7e-m+fp/hard\libc_nano.a(libc_a-dtoa.o)
                0x080019f0                _dtoa_r
 .text._free_r  0x0800259c       0x98 F:/anzhuang/arm-gun-gcc/bin/../lib/gcc/arm-none-eabi/15.2.1/../../../../arm-none-eabi/lib/thumb/v7e-m+fp/hard\libc_nano.a(libc_a-freer.o)
                0x0800259c                _free_r
 .text.malloc   0x08002634       0x10 F:/anzhuang/arm-gun-gcc/bin/../lib/gcc/arm-none-eabi/15.2.1/../../../../arm-none-eabi/lib/thumb/v7e-m+fp/hard\libc_nano.a(libc_a-malloc.o)
                0x08002634                malloc
 .text.sbrk_aligned
                0x08002644       0x44 F:/anzhuang/arm-gun-gcc/bin/../lib/gcc/arm-none-eabi/15.2.1/../../../../arm-none-eabi/lib/thumb/v7e-m+fp/hard\libc_nano.a(libc_a-mallocr.o)
 .text._malloc_r
                0x08002688       0xf8 F:/anzhuang/arm-gun-gcc/bin/../lib/gcc/arm-none-eabi/15.2.1/../../../../arm-none-eabi/lib/thumb/v7e-m+fp/hard\libc_nano.a(libc_a-mallocr.o)
                0x08002688                _malloc_r
 .text.__malloc_lock
                0x08002780        0xc F:/anzhuang/arm-gun-gcc/bin/../lib/gcc/arm-none-eabi/15.2.1/../../../../arm-none-eabi/lib/thumb/v7e-m+fp/hard\libc_nano.a(libc_a-mlock.o)
                0x08002780                __malloc_lock
 .text.__malloc_unlock
                0x0800278c        0xc F:/anzhuang/arm-gun-gcc/bin/../lib/gcc/arm-none-eabi/15.2.1/../../../../arm-none-eabi/lib/thumb/v7e-m+fp/hard\libc_nano.a(libc_a-mlock.o)
                0x0800278c                __malloc_unlock
 .text._Balloc  0x08002798       0x7c F:/anzhuang/arm-gun-gcc/bin/../lib/gcc/arm-none-eabi/15.2.1/../../../../arm-none-eabi/lib/thumb/v7e-m+fp/hard\libc_nano.a(libc_a-mprec.o)
                0x08002798                _Balloc
 .text._Bfree   0x08002814       0x44 F:/anzhuang/arm-gun-gcc/bin/../lib/gcc/arm-none-eabi/15.2.1/../../../../arm-none-eabi/lib/thumb/v7e-m+fp/hard\libc_nano.a(libc_a-mprec.o)
                0x08002814                _Bfree
 .text.__multadd
                0x08002858       0x8c F:/anzhuang/arm-gun-gcc/bin/../lib/gcc/arm-none-eabi/15.2.1/../../../../arm-none-eabi/lib/thumb/v7e-m+fp/hard\libc_nano.a(libc_a-mprec.o)
                0x08002858                __multadd
 .text.__s2b    0x080028e4       0x94 F:/anzhuang/arm-gun-gcc/bin/../lib/gcc/arm-none-eabi/15.2.1/../../../../arm-none-eabi/lib/thumb/v7e-m+fp/hard\libc_nano.a(libc_a-mprec.o)
                0x080028e4                __s2b
 .text.__hi0bits
                0x08002978       0x3c F:/anzhuang/arm-gun-gcc/bin/../lib/gcc/arm-none-eabi/15.2.1/../../../../arm-none-eabi/lib/thumb/v7e-m+fp/hard\libc_nano.a(libc_a-mprec.o)
                0x08002978                __hi0bits
 .text.__lo0bits
                0x080029b4       0x5c F:/anzhuang/arm-gun-gcc/bin/../lib/gcc/arm-none-eabi/15.2.1/../../../../arm-none-eabi/lib/thumb/v7e-m+fp/hard\libc_nano.a(libc_a-mprec.o)
                0x080029b4                __lo0bits
 .text.__i2b    0x08002a10       0x2c F:/anzhuang/arm-gun-gcc/bin/../lib/gcc/arm-none-eabi/15.2.1/../../../../arm-none-eabi/lib/thumb/v7e-m+fp/hard\libc_nano.a(libc_a-mprec.o)
                0x08002a10                __i2b
 .text.__multiply
                0x08002a3c      0x16c F:/anzhuang/arm-gun-gcc/bin/../lib/gcc/arm-none-eabi/15.2.1/../../../../arm-none-eabi/lib/thumb/v7e-m+fp/hard\libc_nano.a(libc_a-mprec.o)
                0x08002a3c                __multiply
 .text.__pow5mult
                0x08002ba8       0xb8 F:/anzhuang/arm-gun-gcc/bin/../lib/gcc/arm-none-eabi/15.2.1/../../../../arm-none-eabi/lib/thumb/v7e-m+fp/hard\libc_nano.a(libc_a-mprec.o)
                0x08002ba8                __pow5mult
 .text.__lshift
                0x08002c60       0xe4 F:/anzhuang/arm-gun-gcc/bin/../lib/gcc/arm-none-eabi/15.2.1/../../../../arm-none-eabi/lib/thumb/v7e-m+fp/hard\libc_nano.a(libc_a-mprec.o)
                0x08002c60                __lshift
 .text.__mcmp   0x08002d44       0x36 F:/anzhuang/arm-gun-gcc/bin/../lib/gcc/arm-none-eabi/15.2.1/../../../../arm-none-eabi/lib/thumb/v7e-m+fp/hard\libc_nano.a(libc_a-mprec.o)
                0x08002d44                __mcmp
 *fill*         0x08002d7a        0x2 
 .text.__mdiff  0x08002d7c      0x130 F:/anzhuang/arm-gun-gcc/bin/../lib/gcc/arm-none-eabi/15.2.1/../../../../arm-none-eabi/lib/thumb/v7e-m+fp/hard\libc_nano.a(libc_a-mprec.o)
                0x08002d7c                __mdiff
 .text.__ulp    0x08002eac       0x4c F:/anzhuang/arm-gun-gcc/bin/../lib/gcc/arm-none-eabi/15.2.1/../../../../arm-none-eabi/lib/thumb/v7e-m+fp/hard\libc_nano.a(libc_a-mprec.o)
                0x08002eac                __ulp
 .text.__b2d    0x08002ef8       0x92 F:/anzhuang/arm-gun-gcc/bin/../lib/gcc/arm-none-eabi/15.2.1/../../../../arm-none-eabi/lib/thumb/v7e-m+fp/hard\libc_nano.a(libc_a-mprec.o)
                0x08002ef8                __b2d
 *fill*         0x08002f8a        0x2 
 .text.__d2b    0x08002f8c       0xb0 F:/anzhuang/arm-gun-gcc/bin/../lib/gcc/arm-none-eabi/15.2.1/../../../../arm-none-eabi/lib/thumb/v7e-m+fp/hard\libc_nano.a(libc_a-mprec.o)
                0x08002f8c                __d2b
 .text.__ratio  0x0800303c       0x62 F:/anzhuang/arm-gun-gcc/bin/../lib/gcc/arm-none-eabi/15.2.1/../../../../arm-none-eabi/lib/thumb/v7e-m+fp/hard\libc_nano.a(libc_a-mprec.o)
                0x0800303c                __ratio
 .text.__copybits
                0x0800309e       0x46 F:/anzhuang/arm-gun-gcc/bin/../lib/gcc/arm-none-eabi/15.2.1/../../../../arm-none-eabi/lib/thumb/v7e-m+fp/hard\libc_nano.a(libc_a-mprec.o)
                0x0800309e                __copybits
 .text.__any_on
                0x080030e4       0x42 F:/anzhuang/arm-gun-gcc/bin/../lib/gcc/arm-none-eabi/15.2.1/../../../../arm-none-eabi/lib/thumb/v7e-m+fp/hard\libc_nano.a(libc_a-mprec.o)
                0x080030e4                __any_on
 *fill*         0x08003126        0x2 
 .text.__sflush_r
                0x08003128      0x100 F:/anzhuang/arm-gun-gcc/bin/../lib/gcc/arm-none-eabi/15.2.1/../../../../arm-none-eabi/lib/thumb/v7e-m+fp/hard\libc_nano.a(libc_a-fflush.o)
                0x08003128                __sflush_r
 .text._fflush_r
                0x08003228       0x50 F:/anzhuang/arm-gun-gcc/bin/../lib/gcc/arm-none-eabi/15.2.1/../../../../arm-none-eabi/lib/thumb/v7e-m+fp/hard\libc_nano.a(libc_a-fflush.o)
                0x08003228                _fflush_r
 .text._sbrk_r  0x08003278       0x20 F:/anzhuang/arm-gun-gcc/bin/../lib/gcc/arm-none-eabi/15.2.1/../../../../arm-none-eabi/lib/thumb/v7e-m+fp/hard\libc_nano.a(libc_a-sbrkr.o)
                0x08003278                _sbrk_r
 .text.memcpy   0x08003298       0x1c F:/anzhuang/arm-gun-gcc/bin/../lib/gcc/arm-none-eabi/15.2.1/../../../../arm-none-eabi/lib/thumb/v7e-m+fp/hard\libc_nano.a(libc_a-memcpy-stub.o)
                0x08003298                memcpy
 .text.__assert_func
                0x080032b4       0x3c F:/anzhuang/arm-gun-gcc/bin/../lib/gcc/arm-none-eabi/15.2.1/../../../../arm-none-eabi/lib/thumb/v7e-m+fp/hard\libc_nano.a(libc_a-assert.o)
                0x080032b4                __assert_func
 .text._calloc_r
                0x080032f0       0x28 F:/anzhuang/arm-gun-gcc/bin/../lib/gcc/arm-none-eabi/15.2.1/../../../../arm-none-eabi/lib/thumb/v7e-m+fp/hard\libc_nano.a(libc_a-callocr.o)
                0x080032f0                _calloc_r
 .text.__ascii_mbtowc
                0x08003318       0x24 F:/anzhuang/arm-gun-gcc/bin/../lib/gcc/arm-none-eabi/15.2.1/../../../../arm-none-eabi/lib/thumb/v7e-m+fp/hard\libc_nano.a(libc_a-mbtowc_r.o)
                0x08003318                __ascii_mbtowc
 .text.__ascii_wctomb
                0x0800333c       0x1a F:/anzhuang/arm-gun-gcc/bin/../lib/gcc/arm-none-eabi/15.2.1/../../../../arm-none-eabi/lib/thumb/v7e-m+fp/hard\libc_nano.a(libc_a-wctomb_r.o)
                0x0800333c                __ascii_wctomb
 *fill*         0x08003356        0x2 
 .text.fprintf  0x08003358       0x24 F:/anzhuang/arm-gun-gcc/bin/../lib/gcc/arm-none-eabi/15.2.1/../../../../arm-none-eabi/lib/thumb/v7e-m+fp/hard\libc_nano.a(libc_a-fprintf.o)
                0x08003358                fiprintf
                0x08003358                fprintf
 .text.abort    0x0800337c        0xe F:/anzhuang/arm-gun-gcc/bin/../lib/gcc/arm-none-eabi/15.2.1/../../../../arm-none-eabi/lib/thumb/v7e-m+fp/hard\libc_nano.a(libc_a-abort.o)
                0x0800337c                abort
 .text.__sfputc_r
                0x0800338a       0x2a F:/anzhuang/arm-gun-gcc/bin/../lib/gcc/arm-none-eabi/15.2.1/../../../../arm-none-eabi/lib/thumb/v7e-m+fp/hard\libc_nano.a(libc_a-nano-vfprintf.o)
 .text.__sfputs_r
                0x080033b4       0x24 F:/anzhuang/arm-gun-gcc/bin/../lib/gcc/arm-none-eabi/15.2.1/../../../../arm-none-eabi/lib/thumb/v7e-m+fp/hard\libc_nano.a(libc_a-nano-vfprintf.o)
                0x080033b4                __sfputs_r
 .text._vfprintf_r
                0x080033d8      0x228 F:/anzhuang/arm-gun-gcc/bin/../lib/gcc/arm-none-eabi/15.2.1/../../../../arm-none-eabi/lib/thumb/v7e-m+fp/hard\libc_nano.a(libc_a-nano-vfprintf.o)
                0x080033d8                _vfprintf_r
                0x080033d8                _vfiprintf_r
 .text.__swbuf_r
                0x08003600       0x7a F:/anzhuang/arm-gun-gcc/bin/../lib/gcc/arm-none-eabi/15.2.1/../../../../arm-none-eabi/lib/thumb/v7e-m+fp/hard\libc_nano.a(libc_a-wbuf.o)
                0x08003600                __swbuf_r
 *fill*         0x0800367a        0x2 
 .text.__swsetup_r
                0x0800367c       0xa8 F:/anzhuang/arm-gun-gcc/bin/../lib/gcc/arm-none-eabi/15.2.1/../../../../arm-none-eabi/lib/thumb/v7e-m+fp/hard\libc_nano.a(libc_a-wsetup.o)
                0x0800367c                __swsetup_r
 .text.memmove  0x08003724       0x32 F:/anzhuang/arm-gun-gcc/bin/../lib/gcc/arm-none-eabi/15.2.1/../../../../arm-none-eabi/lib/thumb/v7e-m+fp/hard\libc_nano.a(libc_a-memmove.o)
                0x08003724                memmove
 .text._raise_r
                0x08003756       0x50 F:/anzhuang/arm-gun-gcc/bin/../lib/gcc/arm-none-eabi/15.2.1/../../../../arm-none-eabi/lib/thumb/v7e-m+fp/hard\libc_nano.a(libc_a-signal.o)
                0x08003756                _raise_r
 *fill*         0x080037a6        0x2 
 .text.raise    0x080037a8       0x10 F:/anzhuang/arm-gun-gcc/bin/../lib/gcc/arm-none-eabi/15.2.1/../../../../arm-none-eabi/lib/thumb/v7e-m+fp/hard\libc_nano.a(libc_a-signal.o)
                0x080037a8                raise
 .text._kill_r  0x080037b8       0x24 F:/anzhuang/arm-gun-gcc/bin/../lib/gcc/arm-none-eabi/15.2.1/../../../../arm-none-eabi/lib/thumb/v7e-m+fp/hard\libc_nano.a(libc_a-signalr.o)
                0x080037b8                _kill_r
 .text._getpid_r
                0x080037dc        0x4 F:/anzhuang/arm-gun-gcc/bin/../lib/gcc/arm-none-eabi/15.2.1/../../../../arm-none-eabi/lib/thumb/v7e-m+fp/hard\libc_nano.a(libc_a-signalr.o)
                0x080037dc                _getpid_r
 .text._realloc_r
                0x080037e0       0x5c F:/anzhuang/arm-gun-gcc/bin/../lib/gcc/arm-none-eabi/15.2.1/../../../../arm-none-eabi/lib/thumb/v7e-m+fp/hard\libc_nano.a(libc_a-reallocr.o)
                0x080037e0                _realloc_r
 .text.__swhatbuf_r
                0x0800383c       0x48 F:/anzhuang/arm-gun-gcc/bin/../lib/gcc/arm-none-eabi/15.2.1/../../../../arm-none-eabi/lib/thumb/v7e-m+fp/hard\libc_nano.a(libc_a-makebuf.o)
                0x0800383c                __swhatbuf_r
 .text.__smakebuf_r
                0x08003884       0x72 F:/anzhuang/arm-gun-gcc/bin/../lib/gcc/arm-none-eabi/15.2.1/../../../../arm-none-eabi/lib/thumb/v7e-m+fp/hard\libc_nano.a(libc_a-makebuf.o)
                0x08003884                __smakebuf_r
 *fill*         0x080038f6        0x2 
 .text._fstat_r
                0x080038f8       0x24 F:/anzhuang/arm-gun-gcc/bin/../lib/gcc/arm-none-eabi/15.2.1/../../../../arm-none-eabi/lib/thumb/v7e-m+fp/hard\libc_nano.a(libc_a-fstatr.o)
                0x080038f8                _fstat_r
 .text._isatty_r
                0x0800391c       0x20 F:/anzhuang/arm-gun-gcc/bin/../lib/gcc/arm-none-eabi/15.2.1/../../../../arm-none-eabi/lib/thumb/v7e-m+fp/hard\libc_nano.a(libc_a-isattyr.o)
                0x0800391c                _isatty_r
 .text._malloc_usable_size_r
                0x0800393c       0x10 F:/anzhuang/arm-gun-gcc/bin/../lib/gcc/arm-none-eabi/15.2.1/../../../../arm-none-eabi/lib/thumb/v7e-m+fp/hard\libc_nano.a(libc_a-msizer.o)
                0x0800393c                _malloc_usable_size_r
 .text._close   0x0800394c       0x10 F:/anzhuang/arm-gun-gcc/bin/../lib/gcc/arm-none-eabi/15.2.1/../../../../arm-none-eabi/lib/thumb/v7e-m+fp/hard\libnosys.a(close.o)
                0x0800394c                _close
 .text._fstat   0x0800395c       0x10 F:/anzhuang/arm-gun-gcc/bin/../lib/gcc/arm-none-eabi/15.2.1/../../../../arm-none-eabi/lib/thumb/v7e-m+fp/hard\libnosys.a(fstat.o)
                0x0800395c                _fstat
 .text._getpid  0x0800396c       0x10 F:/anzhuang/arm-gun-gcc/bin/../lib/gcc/arm-none-eabi/15.2.1/../../../../arm-none-eabi/lib/thumb/v7e-m+fp/hard\libnosys.a(getpid.o)
                0x0800396c                _getpid
 .text._isatty  0x0800397c       0x10 F:/anzhuang/arm-gun-gcc/bin/../lib/gcc/arm-none-eabi/15.2.1/../../../../arm-none-eabi/lib/thumb/v7e-m+fp/hard\libnosys.a(isatty.o)
                0x0800397c                _isatty
 .text._kill    0x0800398c       0x10 F:/anzhuang/arm-gun-gcc/bin/../lib/gcc/arm-none-eabi/15.2.1/../../../../arm-none-eabi/lib/thumb/v7e-m+fp/hard\libnosys.a(kill.o)
                0x0800398c                _kill
 .text._lseek   0x0800399c       0x10 F:/anzhuang/arm-gun-gcc/bin/../lib/gcc/arm-none-eabi/15.2.1/../../../../arm-none-eabi/lib/thumb/v7e-m+fp/hard\libnosys.a(lseek.o)
                0x0800399c                _lseek
 .text._read    0x080039ac       0x10 F:/anzhuang/arm-gun-gcc/bin/../lib/gcc/arm-none-eabi/15.2.1/../../../../arm-none-eabi/lib/thumb/v7e-m+fp/hard\libnosys.a(read.o)
                0x080039ac                _read
 .text._sbrk    0x080039bc       0x1c F:/anzhuang/arm-gun-gcc/bin/../lib/gcc/arm-none-eabi/15.2.1/../../../../arm-none-eabi/lib/thumb/v7e-m+fp/hard\libnosys.a(sbrk.o)
                0x080039bc                _sbrk
 .text._write   0x080039d8       0x10 F:/anzhuang/arm-gun-gcc/bin/../lib/gcc/arm-none-eabi/15.2.1/../../../../arm-none-eabi/lib/thumb/v7e-m+fp/hard\libnosys.a(write.o)
                0x080039d8                _write
 .text._exit    0x080039e8        0x4 F:/anzhuang/arm-gun-gcc/bin/../lib/gcc/arm-none-eabi/15.2.1/../../../../arm-none-eabi/lib/thumb/v7e-m+fp/hard\libnosys.a(_exit.o)
                0x080039e8                _exit
 .text.update_rgb_indicator.part.0
                0x080039ec       0x54 CMakeFiles/PLANT_ASSISTANT.dir/F_/download/1111/plant_assistant/demo/Project/Application/src/main.c.obj
 .text.blink_rgb.part.0
                0x08003a40       0x54 CMakeFiles/PLANT_ASSISTANT.dir/F_/download/1111/plant_assistant/demo/Project/Application/src/main.c.obj
 .text.set_fixed_rgb.part.0
                0x08003a94       0x58 CMakeFiles/PLANT_ASSISTANT.dir/F_/download/1111/plant_assistant/demo/Project/Application/src/main.c.obj
 .text.update_sensors
                0x08003aec       0xfc CMakeFiles/PLANT_ASSISTANT.dir/F_/download/1111/plant_assistant/demo/Project/Application/src/main.c.obj
                0x08003aec                update_sensors
 .text.uart_print
                0x08003be8       0x38 CMakeFiles/PLANT_ASSISTANT.dir/F_/download/1111/plant_assistant/demo/Project/Application/src/main.c.obj
                0x08003be8                uart_print
 .text.hardware_self_test
                0x08003c20      0x1fc CMakeFiles/PLANT_ASSISTANT.dir/F_/download/1111/plant_assistant/demo/Project/Application/src/main.c.obj
                0x08003c20                hardware_self_test
 .text.handle_key
                0x08003e1c      0x164 CMakeFiles/PLANT_ASSISTANT.dir/F_/download/1111/plant_assistant/demo/Project/Application/src/main.c.obj
                0x08003e1c                handle_key
 .text.process_uart0_rx.part.0
                0x08003f80      0x340 CMakeFiles/PLANT_ASSISTANT.dir/F_/download/1111/plant_assistant/demo/Project/Application/src/main.c.obj
 .text.debug_printf
                0x080042c0       0x20 CMakeFiles/PLANT_ASSISTANT.dir/F_/download/1111/plant_assistant/demo/Project/Application/src/main.c.obj
                0x080042c0                debug_printf
 .text.startup.main
                0x080042e0      0x310 CMakeFiles/PLANT_ASSISTANT.dir/F_/download/1111/plant_assistant/demo/Project/Application/src/main.c.obj
                0x080042e0                main
 .text.plant_logic_init
                0x080045f0       0x50 CMakeFiles/PLANT_ASSISTANT.dir/F_/download/1111/plant_assistant/demo/Project/Application/src/plant_logic.c.obj
                0x080045f0                plant_logic_init
 .text.switch_plant
                0x08004640       0x54 CMakeFiles/PLANT_ASSISTANT.dir/F_/download/1111/plant_assistant/demo/Project/Application/src/plant_logic.c.obj
                0x08004640                switch_plant
 .text.calc_score
                0x08004694      0x15c CMakeFiles/PLANT_ASSISTANT.dir/F_/download/1111/plant_assistant/demo/Project/Application/src/plant_logic.c.obj
                0x08004694                calc_score
 .text.update_evaporation
                0x080047f0       0x50 CMakeFiles/PLANT_ASSISTANT.dir/F_/download/1111/plant_assistant/demo/Project/Application/src/plant_logic.c.obj
                0x080047f0                update_evaporation
 .text.check_water_alert
                0x08004840       0x34 CMakeFiles/PLANT_ASSISTANT.dir/F_/download/1111/plant_assistant/demo/Project/Application/src/plant_logic.c.obj
                0x08004840                check_water_alert
 .text.auto_curtain
                0x08004874       0x60 CMakeFiles/PLANT_ASSISTANT.dir/F_/download/1111/plant_assistant/demo/Project/Application/src/plant_logic.c.obj
                0x08004874                auto_curtain
 .text.auto_fan
                0x080048d4       0x60 CMakeFiles/PLANT_ASSISTANT.dir/F_/download/1111/plant_assistant/demo/Project/Application/src/plant_logic.c.obj
                0x080048d4                auto_fan
 .text.u1p_fusion_decision
                0x08004934      0x138 CMakeFiles/PLANT_ASSISTANT.dir/F_/download/1111/plant_assistant/demo/Project/Application/src/plant_logic.c.obj
                0x08004934                u1p_fusion_decision
 .text.i2c_byte_write.part.0
                0x08004a6c       0xd0 CMakeFiles/PLANT_ASSISTANT.dir/F_/download/1111/plant_assistant/demo/Project/GD32F470Z_BSP/src/i2c.c.obj
 .text.i2c0_gpio_config
                0x08004b3c       0x64 CMakeFiles/PLANT_ASSISTANT.dir/F_/download/1111/plant_assistant/demo/Project/GD32F470Z_BSP/src/i2c.c.obj
                0x08004b3c                i2c0_gpio_config
 .text.i2c0_config
                0x08004ba0       0x3c CMakeFiles/PLANT_ASSISTANT.dir/F_/download/1111/plant_assistant/demo/Project/GD32F470Z_BSP/src/i2c.c.obj
                0x08004ba0                i2c0_config
 .text.i2c1_gpio_config
                0x08004bdc       0x58 CMakeFiles/PLANT_ASSISTANT.dir/F_/download/1111/plant_assistant/demo/Project/GD32F470Z_BSP/src/i2c.c.obj
                0x08004bdc                i2c1_gpio_config
 .text.i2c1_config
                0x08004c34       0x3c CMakeFiles/PLANT_ASSISTANT.dir/F_/download/1111/plant_assistant/demo/Project/GD32F470Z_BSP/src/i2c.c.obj
                0x08004c34                i2c1_config
 .text.init_i2c
                0x08004c70       0x18 CMakeFiles/PLANT_ASSISTANT.dir/F_/download/1111/plant_assistant/demo/Project/GD32F470Z_BSP/src/i2c.c.obj
                0x08004c70                init_i2c
 .text.i2c_addr_poll
                0x08004c88       0x90 CMakeFiles/PLANT_ASSISTANT.dir/F_/download/1111/plant_assistant/demo/Project/GD32F470Z_BSP/src/i2c.c.obj
                0x08004c88                i2c_addr_poll
 .text.scan_board_range
                0x08004d18       0x54 CMakeFiles/PLANT_ASSISTANT.dir/F_/download/1111/plant_assistant/demo/Project/GD32F470Z_BSP/src/i2c.c.obj
                0x08004d18                scan_board_range
 .text.i2c_cmd_write
                0x08004d6c       0xc8 CMakeFiles/PLANT_ASSISTANT.dir/F_/download/1111/plant_assistant/demo/Project/GD32F470Z_BSP/src/i2c.c.obj
                0x08004d6c                i2c_cmd_write
 .text.i2c_byte_write
                0x08004e34       0x40 CMakeFiles/PLANT_ASSISTANT.dir/F_/download/1111/plant_assistant/demo/Project/GD32F470Z_BSP/src/i2c.c.obj
                0x08004e34                i2c_byte_write
 .text.i2c_read
                0x08004e74      0x21c CMakeFiles/PLANT_ASSISTANT.dir/F_/download/1111/plant_assistant/demo/Project/GD32F470Z_BSP/src/i2c.c.obj
                0x08004e74                i2c_read
 .text.i2c_read_no_reg
                0x08005090      0x190 CMakeFiles/PLANT_ASSISTANT.dir/F_/download/1111/plant_assistant/demo/Project/GD32F470Z_BSP/src/i2c.c.obj
                0x08005090                i2c_read_no_reg
 .text.i2c_delay_byte_write
                0x08005220       0x74 CMakeFiles/PLANT_ASSISTANT.dir/F_/download/1111/plant_assistant/demo/Project/GD32F470Z_BSP/src/i2c.c.obj
                0x08005220                i2c_delay_byte_write
 .text.systick_config
                0x08005294       0x40 CMakeFiles/PLANT_ASSISTANT.dir/F_/download/1111/plant_assistant/demo/Project/GD32F470Z_BSP/src/systick.c.obj
                0x08005294                systick_config
 .text.delay_ms
                0x080052d4       0x10 CMakeFiles/PLANT_ASSISTANT.dir/F_/download/1111/plant_assistant/demo/Project/GD32F470Z_BSP/src/systick.c.obj
                0x080052d4                delay_ms
 .text.SysTick_Handler
                0x080052e4       0x40 CMakeFiles/PLANT_ASSISTANT.dir/F_/download/1111/plant_assistant/demo/Project/GD32F470Z_BSP/src/systick.c.obj
                0x080052e4                SysTick_Handler
 .text.gd_eval_com_init
                0x08005324       0x88 CMakeFiles/PLANT_ASSISTANT.dir/F_/download/1111/plant_assistant/demo/Project/GD32F470Z_BSP/src/gd32f470z_eval.c.obj
                0x08005324                gd_eval_com_init
 .text.s1_init  0x080053ac       0x64 CMakeFiles/PLANT_ASSISTANT.dir/F_/download/1111/plant_assistant/demo/Project/GD32F470Z_BSP/src/s1.c.obj
                0x080053ac                s1_init
 .text.s1_key_scan
                0x08005410       0x84 CMakeFiles/PLANT_ASSISTANT.dir/F_/download/1111/plant_assistant/demo/Project/GD32F470Z_BSP/src/s1.c.obj
                0x08005410                s1_key_scan
 .text.set_e1_pca9685_pwm_off
                0x08005494       0x38 CMakeFiles/PLANT_ASSISTANT.dir/F_/download/1111/plant_assistant/demo/Project/GD32F470Z_BSP/src/e1.c.obj
                0x08005494                set_e1_pca9685_pwm_off
 .text.set_e1_pca9685_pwm
                0x080054cc       0x54 CMakeFiles/PLANT_ASSISTANT.dir/F_/download/1111/plant_assistant/demo/Project/GD32F470Z_BSP/src/e1.c.obj
                0x080054cc                set_e1_pca9685_pwm
 .text.e1_rgb_control
                0x08005520       0x48 CMakeFiles/PLANT_ASSISTANT.dir/F_/download/1111/plant_assistant/demo/Project/GD32F470Z_BSP/src/e1.c.obj
                0x08005520                e1_rgb_control
 .text.ht16k33_e1_display_off
                0x08005568       0x70 CMakeFiles/PLANT_ASSISTANT.dir/F_/download/1111/plant_assistant/demo/Project/GD32F470Z_BSP/src/e1.c.obj
                0x08005568                ht16k33_e1_display_off
 .text.e1_init  0x080055d8       0xa4 CMakeFiles/PLANT_ASSISTANT.dir/F_/download/1111/plant_assistant/demo/Project/GD32F470Z_BSP/src/e1.c.obj
                0x080055d8                e1_init
 .text.e1_digital_display
                0x0800567c       0xc0 CMakeFiles/PLANT_ASSISTANT.dir/F_/download/1111/plant_assistant/demo/Project/GD32F470Z_BSP/src/e1.c.obj
                0x0800567c                e1_digital_display
 .text.set_e2_pca9685_pwm_off
                0x0800573c       0x38 CMakeFiles/PLANT_ASSISTANT.dir/F_/download/1111/plant_assistant/demo/Project/GD32F470Z_BSP/src/e2.c.obj
                0x0800573c                set_e2_pca9685_pwm_off
 .text.set_e2_pca9685_pwm
                0x08005774       0x54 CMakeFiles/PLANT_ASSISTANT.dir/F_/download/1111/plant_assistant/demo/Project/GD32F470Z_BSP/src/e2.c.obj
                0x08005774                set_e2_pca9685_pwm
 .text.e2_init  0x080057c8       0x70 CMakeFiles/PLANT_ASSISTANT.dir/F_/download/1111/plant_assistant/demo/Project/GD32F470Z_BSP/src/e2.c.obj
                0x080057c8                e2_init
 .text.e2_speed_control
                0x08005838       0x2c CMakeFiles/PLANT_ASSISTANT.dir/F_/download/1111/plant_assistant/demo/Project/GD32F470Z_BSP/src/e2.c.obj
                0x08005838                e2_speed_control
 .text.e3_init  0x08005864       0x64 CMakeFiles/PLANT_ASSISTANT.dir/F_/download/1111/plant_assistant/demo/Project/GD32F470Z_BSP/src/e3.c.obj
                0x08005864                e3_init
 .text.e3_set_position
                0x080058c8        0x8 CMakeFiles/PLANT_ASSISTANT.dir/F_/download/1111/plant_assistant/demo/Project/GD32F470Z_BSP/src/e3.c.obj
                0x080058c8                e3_set_position
 .text.c2_init  0x080058d0      0x1a8 CMakeFiles/PLANT_ASSISTANT.dir/F_/download/1111/plant_assistant/demo/Project/GD32F470Z_BSP/src/c2.c.obj
                0x080058d0                c2_init
 .text.c2_broadcast_data
                0x08005a78       0x44 CMakeFiles/PLANT_ASSISTANT.dir/F_/download/1111/plant_assistant/demo/Project/GD32F470Z_BSP/src/c2.c.obj
                0x08005a78                c2_broadcast_data
 .text.uart_send_bytes
                0x08005abc       0x38 CMakeFiles/PLANT_ASSISTANT.dir/F_/download/1111/plant_assistant/demo/Project/GD32F470Z_BSP/src/uart.c.obj
                0x08005abc                uart_send_bytes
 .text.uart_receive_bytes
                0x08005af4       0xec CMakeFiles/PLANT_ASSISTANT.dir/F_/download/1111/plant_assistant/demo/Project/GD32F470Z_BSP/src/uart.c.obj
                0x08005af4                uart_receive_bytes
 .text.uart_init
                0x08005be0      0x124 CMakeFiles/PLANT_ASSISTANT.dir/F_/download/1111/plant_assistant/demo/Project/GD32F470Z_BSP/src/uart.c.obj
                0x08005be0                uart_init
 .text.USART0_IRQHandler
                0x08005d04       0x4c CMakeFiles/PLANT_ASSISTANT.dir/F_/download/1111/plant_assistant/demo/Project/GD32F470Z_BSP/src/uart.c.obj
                0x08005d04                USART0_IRQHandler
 .text.USART2_IRQHandler
                0x08005d50       0x54 CMakeFiles/PLANT_ASSISTANT.dir/F_/download/1111/plant_assistant/demo/Project/GD32F470Z_BSP/src/uart.c.obj
                0x08005d50                USART2_IRQHandler
 .text.gpio_mode_set
                0x08005da4       0x58 CMakeFiles/PLANT_ASSISTANT.dir/F_/download/1111/plant_assistant/Library/Firmware/GD32F4xx_standard_peripheral/Source/gd32f4xx_gpio.c.obj
                0x08005da4                gpio_mode_set
 .text.gpio_output_options_set
                0x08005dfc       0x4c CMakeFiles/PLANT_ASSISTANT.dir/F_/download/1111/plant_assistant/Library/Firmware/GD32F4xx_standard_peripheral/Source/gd32f4xx_gpio.c.obj
                0x08005dfc                gpio_output_options_set
 .text.gpio_af_set
                0x08005e48       0x78 CMakeFiles/PLANT_ASSISTANT.dir/F_/download/1111/plant_assistant/Library/Firmware/GD32F4xx_standard_peripheral/Source/gd32f4xx_gpio.c.obj
                0x08005e48                gpio_af_set
 .text.i2c_clock_config
                0x08005ec0       0xe4 CMakeFiles/PLANT_ASSISTANT.dir/F_/download/1111/plant_assistant/Library/Firmware/GD32F4xx_standard_peripheral/Source/gd32f4xx_i2c.c.obj
                0x08005ec0                i2c_clock_config
 .text.i2c_mode_addr_config
                0x08005fa4       0x18 CMakeFiles/PLANT_ASSISTANT.dir/F_/download/1111/plant_assistant/Library/Firmware/GD32F4xx_standard_peripheral/Source/gd32f4xx_i2c.c.obj
                0x08005fa4                i2c_mode_addr_config
 .text.i2c_ack_config
                0x08005fbc       0x14 CMakeFiles/PLANT_ASSISTANT.dir/F_/download/1111/plant_assistant/Library/Firmware/GD32F4xx_standard_peripheral/Source/gd32f4xx_i2c.c.obj
                0x08005fbc                i2c_ack_config
 .text.i2c_ackpos_config
                0x08005fd0       0x14 CMakeFiles/PLANT_ASSISTANT.dir/F_/download/1111/plant_assistant/Library/Firmware/GD32F4xx_standard_peripheral/Source/gd32f4xx_i2c.c.obj
                0x08005fd0                i2c_ackpos_config
 .text.i2c_master_addressing
                0x08005fe4       0x10 CMakeFiles/PLANT_ASSISTANT.dir/F_/download/1111/plant_assistant/Library/Firmware/GD32F4xx_standard_peripheral/Source/gd32f4xx_i2c.c.obj
                0x08005fe4                i2c_master_addressing
 .text.i2c_enable
                0x08005ff4        0xc CMakeFiles/PLANT_ASSISTANT.dir/F_/download/1111/plant_assistant/Library/Firmware/GD32F4xx_standard_peripheral/Source/gd32f4xx_i2c.c.obj
                0x08005ff4                i2c_enable
 .text.i2c_start_on_bus
                0x08006000        0xc CMakeFiles/PLANT_ASSISTANT.dir/F_/download/1111/plant_assistant/Library/Firmware/GD32F4xx_standard_peripheral/Source/gd32f4xx_i2c.c.obj
                0x08006000                i2c_start_on_bus
 .text.i2c_stop_on_bus
                0x0800600c        0xc CMakeFiles/PLANT_ASSISTANT.dir/F_/download/1111/plant_assistant/Library/Firmware/GD32F4xx_standard_peripheral/Source/gd32f4xx_i2c.c.obj
                0x0800600c                i2c_stop_on_bus
 .text.i2c_data_transmit
                0x08006018        0x4 CMakeFiles/PLANT_ASSISTANT.dir/F_/download/1111/plant_assistant/Library/Firmware/GD32F4xx_standard_peripheral/Source/gd32f4xx_i2c.c.obj
                0x08006018                i2c_data_transmit
 .text.i2c_data_receive
                0x0800601c        0x8 CMakeFiles/PLANT_ASSISTANT.dir/F_/download/1111/plant_assistant/Library/Firmware/GD32F4xx_standard_peripheral/Source/gd32f4xx_i2c.c.obj
                0x0800601c                i2c_data_receive
 .text.i2c_flag_get
                0x08006024       0x10 CMakeFiles/PLANT_ASSISTANT.dir/F_/download/1111/plant_assistant/Library/Firmware/GD32F4xx_standard_peripheral/Source/gd32f4xx_i2c.c.obj
                0x08006024                i2c_flag_get
 .text.i2c_flag_clear
                0x08006034       0x28 CMakeFiles/PLANT_ASSISTANT.dir/F_/download/1111/plant_assistant/Library/Firmware/GD32F4xx_standard_peripheral/Source/gd32f4xx_i2c.c.obj
                0x08006034                i2c_flag_clear
 .text.usart_deinit
                0x0800605c       0xf0 CMakeFiles/PLANT_ASSISTANT.dir/F_/download/1111/plant_assistant/Library/Firmware/GD32F4xx_standard_peripheral/Source/gd32f4xx_usart.c.obj
                0x0800605c                usart_deinit
 .text.usart_baudrate_set
                0x0800614c       0xa8 CMakeFiles/PLANT_ASSISTANT.dir/F_/download/1111/plant_assistant/Library/Firmware/GD32F4xx_standard_peripheral/Source/gd32f4xx_usart.c.obj
                0x0800614c                usart_baudrate_set
 .text.usart_enable
                0x080061f4        0xc CMakeFiles/PLANT_ASSISTANT.dir/F_/download/1111/plant_assistant/Library/Firmware/GD32F4xx_standard_peripheral/Source/gd32f4xx_usart.c.obj
                0x080061f4                usart_enable
 .text.usart_transmit_config
                0x08006200        0xc CMakeFiles/PLANT_ASSISTANT.dir/F_/download/1111/plant_assistant/Library/Firmware/GD32F4xx_standard_peripheral/Source/gd32f4xx_usart.c.obj
                0x08006200                usart_transmit_config
 .text.usart_receive_config
                0x0800620c        0xc CMakeFiles/PLANT_ASSISTANT.dir/F_/download/1111/plant_assistant/Library/Firmware/GD32F4xx_standard_peripheral/Source/gd32f4xx_usart.c.obj
                0x0800620c                usart_receive_config
 .text.usart_data_transmit
                0x08006218        0x8 CMakeFiles/PLANT_ASSISTANT.dir/F_/download/1111/plant_assistant/Library/Firmware/GD32F4xx_standard_peripheral/Source/gd32f4xx_usart.c.obj
                0x08006218                usart_data_transmit
 .text.usart_data_receive
                0x08006220        0x8 CMakeFiles/PLANT_ASSISTANT.dir/F_/download/1111/plant_assistant/Library/Firmware/GD32F4xx_standard_peripheral/Source/gd32f4xx_usart.c.obj
                0x08006220                usart_data_receive
 .text.usart_flag_get
                0x08006228       0x10 CMakeFiles/PLANT_ASSISTANT.dir/F_/download/1111/plant_assistant/Library/Firmware/GD32F4xx_standard_peripheral/Source/gd32f4xx_usart.c.obj
                0x08006228                usart_flag_get
 .text.usart_interrupt_enable
                0x08006238       0x18 CMakeFiles/PLANT_ASSISTANT.dir/F_/download/1111/plant_assistant/Library/Firmware/GD32F4xx_standard_peripheral/Source/gd32f4xx_usart.c.obj
                0x08006238                usart_interrupt_enable
 .text.usart_interrupt_disable
                0x08006250       0x1c CMakeFiles/PLANT_ASSISTANT.dir/F_/download/1111/plant_assistant/Library/Firmware/GD32F4xx_standard_peripheral/Source/gd32f4xx_usart.c.obj
                0x08006250                usart_interrupt_disable
 .text.usart_interrupt_flag_get
                0x0800626c       0x34 CMakeFiles/PLANT_ASSISTANT.dir/F_/download/1111/plant_assistant/Library/Firmware/GD32F4xx_standard_peripheral/Source/gd32f4xx_usart.c.obj
                0x0800626c                usart_interrupt_flag_get
 .text.usart_interrupt_flag_clear
                0x080062a0       0x1c CMakeFiles/PLANT_ASSISTANT.dir/F_/download/1111/plant_assistant/Library/Firmware/GD32F4xx_standard_peripheral/Source/gd32f4xx_usart.c.obj
                0x080062a0                usart_interrupt_flag_clear
 .text.rcu_periph_clock_enable
                0x080062bc       0x1c CMakeFiles/PLANT_ASSISTANT.dir/F_/download/1111/plant_assistant/Library/Firmware/GD32F4xx_standard_peripheral/Source/gd32f4xx_rcu.c.obj
                0x080062bc                rcu_periph_clock_enable
 .text.rcu_periph_reset_enable
                0x080062d8       0x1c CMakeFiles/PLANT_ASSISTANT.dir/F_/download/1111/plant_assistant/Library/Firmware/GD32F4xx_standard_peripheral/Source/gd32f4xx_rcu.c.obj
                0x080062d8                rcu_periph_reset_enable
 .text.rcu_periph_reset_disable
                0x080062f4       0x1c CMakeFiles/PLANT_ASSISTANT.dir/F_/download/1111/plant_assistant/Library/Firmware/GD32F4xx_standard_peripheral/Source/gd32f4xx_rcu.c.obj
                0x080062f4                rcu_periph_reset_disable
 .text.rcu_clock_freq_get
                0x08006310       0xd4 CMakeFiles/PLANT_ASSISTANT.dir/F_/download/1111/plant_assistant/Library/Firmware/GD32F4xx_standard_peripheral/Source/gd32f4xx_rcu.c.obj
                0x08006310                rcu_clock_freq_get
 .text.nvic_priority_group_set
                0x080063e4       0x14 CMakeFiles/PLANT_ASSISTANT.dir/F_/download/1111/plant_assistant/Library/Firmware/GD32F4xx_standard_peripheral/Source/gd32f4xx_misc.c.obj
                0x080063e4                nvic_priority_group_set
 .text.nvic_irq_enable
                0x080063f8       0xa4 CMakeFiles/PLANT_ASSISTANT.dir/F_/download/1111/plant_assistant/Library/Firmware/GD32F4xx_standard_peripheral/Source/gd32f4xx_misc.c.obj
                0x080063f8                nvic_irq_enable
 .text.SystemInit
                0x0800649c      0x174 CMakeFiles/PLANT_ASSISTANT.dir/F_/download/1111/plant_assistant/Library/Firmware/CMSIS/GD/GD32F4xx/Source/system_gd32f4xx.c.obj
                0x0800649c                SystemInit
 .text.atof     0x08006610        0x6 F:/anzhuang/arm-gun-gcc/bin/../lib/gcc/arm-none-eabi/15.2.1/../../../../arm-none-eabi/lib/thumb/v7e-m+fp/hard\libc_nano.a(libc_a-atof.o)
                0x08006610                atof
 .text.sulp     0x08006616       0x3c F:/anzhuang/arm-gun-gcc/bin/../lib/gcc/arm-none-eabi/15.2.1/../../../../arm-none-eabi/lib/thumb/v7e-m+fp/hard\libc_nano.a(libc_a-strtod.o)
 *fill*         0x08006652        0x6 
 .text._strtod_l
                0x08006658      0xbe0 F:/anzhuang/arm-gun-gcc/bin/../lib/gcc/arm-none-eabi/15.2.1/../../../../arm-none-eabi/lib/thumb/v7e-m+fp/hard\libc_nano.a(libc_a-strtod.o)
                0x08006658                _strtod_l
 .text.strtod   0x08007238       0x18 F:/anzhuang/arm-gun-gcc/bin/../lib/gcc/arm-none-eabi/15.2.1/../../../../arm-none-eabi/lib/thumb/v7e-m+fp/hard\libc_nano.a(libc_a-strtod.o)
                0x08007238                strtod
 .text.sprintf  0x08007250       0x44 F:/anzhuang/arm-gun-gcc/bin/../lib/gcc/arm-none-eabi/15.2.1/../../../../arm-none-eabi/lib/thumb/v7e-m+fp/hard\libc_nano.a(libc_a-sprintf.o)
                0x08007250                siprintf
                0x08007250                sprintf
 .text.strchr   0x08007294       0x1c F:/anzhuang/arm-gun-gcc/bin/../lib/gcc/arm-none-eabi/15.2.1/../../../../arm-none-eabi/lib/thumb/v7e-m+fp/hard\libc_nano.a(libc_a-strchr.o)
                0x08007294                strchr
 .text.strncmp  0x080072b0       0x24 F:/anzhuang/arm-gun-gcc/bin/../lib/gcc/arm-none-eabi/15.2.1/../../../../arm-none-eabi/lib/thumb/v7e-m+fp/hard\libc_nano.a(libc_a-strncmp.o)
                0x080072b0                strncmp
 .text.strstr   0x080072d4       0x2c F:/anzhuang/arm-gun-gcc/bin/../lib/gcc/arm-none-eabi/15.2.1/../../../../arm-none-eabi/lib/thumb/v7e-m+fp/hard\libc_nano.a(libc_a-strstr.o)
                0x080072d4                strstr
 .text.__errno  0x08007300        0xc F:/anzhuang/arm-gun-gcc/bin/../lib/gcc/arm-none-eabi/15.2.1/../../../../arm-none-eabi/lib/thumb/v7e-m+fp/hard\libc_nano.a(libc_a-errno.o)
                0x08007300                __errno
 *fill*         0x0800730c        0x4 
 .text.nan      0x08007310       0x10 F:/anzhuang/arm-gun-gcc/bin/../lib/gcc/arm-none-eabi/15.2.1/../../../../arm-none-eabi/lib/thumb/v7e-m+fp/hard\libc_nano.a(libm_a-s_nan.o)
                0x08007310                nan
 .text.rshift   0x08007320       0xa0 F:/anzhuang/arm-gun-gcc/bin/../lib/gcc/arm-none-eabi/15.2.1/../../../../arm-none-eabi/lib/thumb/v7e-m+fp/hard\libc_nano.a(libc_a-gdtoa-gethex.o)
 .text.__hexdig_fun
                0x080073c0       0x2a F:/anzhuang/arm-gun-gcc/bin/../lib/gcc/arm-none-eabi/15.2.1/../../../../arm-none-eabi/lib/thumb/v7e-m+fp/hard\libc_nano.a(libc_a-gdtoa-gethex.o)
                0x080073c0                __hexdig_fun
 *fill*         0x080073ea        0x2 
 .text.__gethex
                0x080073ec      0x418 F:/anzhuang/arm-gun-gcc/bin/../lib/gcc/arm-none-eabi/15.2.1/../../../../arm-none-eabi/lib/thumb/v7e-m+fp/hard\libc_nano.a(libc_a-gdtoa-gethex.o)
                0x080073ec                __gethex
 .text.L_shift  0x08007804       0x24 F:/anzhuang/arm-gun-gcc/bin/../lib/gcc/arm-none-eabi/15.2.1/../../../../arm-none-eabi/lib/thumb/v7e-m+fp/hard\libc_nano.a(libc_a-gdtoa-hexnan.o)
 .text.__match  0x08007828       0x2a F:/anzhuang/arm-gun-gcc/bin/../lib/gcc/arm-none-eabi/15.2.1/../../../../arm-none-eabi/lib/thumb/v7e-m+fp/hard\libc_nano.a(libc_a-gdtoa-hexnan.o)
                0x08007828                __match
 .text.__hexnan
                0x08007852      0x138 F:/anzhuang/arm-gun-gcc/bin/../lib/gcc/arm-none-eabi/15.2.1/../../../../arm-none-eabi/lib/thumb/v7e-m+fp/hard\libc_nano.a(libc_a-gdtoa-hexnan.o)
                0x08007852                __hexnan
 .text.__ssputs_r
                0x0800798a       0xc0 F:/anzhuang/arm-gun-gcc/bin/../lib/gcc/arm-none-eabi/15.2.1/../../../../arm-none-eabi/lib/thumb/v7e-m+fp/hard\libc_nano.a(libc_a-nano-svfprintf.o)
                0x0800798a                __ssputs_r
 *fill*         0x08007a4a        0x2 
 .text._svfprintf_r
                0x08007a4c      0x1f0 F:/anzhuang/arm-gun-gcc/bin/../lib/gcc/arm-none-eabi/15.2.1/../../../../arm-none-eabi/lib/thumb/v7e-m+fp/hard\libc_nano.a(libc_a-nano-svfprintf.o)
                0x08007a4c                _svfiprintf_r
                0x08007a4c                _svfprintf_r
 .text.__fixdfdi
                0x08007c3c       0x30 F:/anzhuang/arm-gun-gcc/bin/../lib/gcc/arm-none-eabi/15.2.1/thumb/v7e-m+fp/hard\libgcc.a(_fixdfdi.o)
                0x08007c3c                __fixdfdi
                0x08007c3c                __aeabi_d2lz
 .text.__fixunsdfdi
                0x08007c6c       0x3c F:/anzhuang/arm-gun-gcc/bin/../lib/gcc/arm-none-eabi/15.2.1/thumb/v7e-m+fp/hard\libgcc.a(_fixunsdfdi.o)
                0x08007c6c                __fixunsdfdi
                0x08007c6c                __aeabi_d2ulz
 *(.glue_7)
 .glue_7        0x08007ca8        0x0 linker stubs
 *(.glue_7t)
 .glue_7t       0x08007ca8        0x0 linker stubs
 *(.eh_frame)
 .eh_frame      0x08007ca8        0x0 F:/anzhuang/arm-gun-gcc/bin/../lib/gcc/arm-none-eabi/15.2.1/thumb/v7e-m+fp/hard/crtbegin.o
 *(.init)
 .init          0x08007ca8        0x4 F:/anzhuang/arm-gun-gcc/bin/../lib/gcc/arm-none-eabi/15.2.1/thumb/v7e-m+fp/hard/crti.o
                0x08007ca8                _init
 .init          0x08007cac        0x8 F:/anzhuang/arm-gun-gcc/bin/../lib/gcc/arm-none-eabi/15.2.1/thumb/v7e-m+fp/hard/crtn.o
 *(.fini)
 .fini          0x08007cb4        0x4 F:/anzhuang/arm-gun-gcc/bin/../lib/gcc/arm-none-eabi/15.2.1/thumb/v7e-m+fp/hard/crti.o
                0x08007cb4                _fini
 .fini          0x08007cb8        0x8 F:/anzhuang/arm-gun-gcc/bin/../lib/gcc/arm-none-eabi/15.2.1/thumb/v7e-m+fp/hard/crtn.o
                0x08007cc0                        . = ALIGN (0x4)
                0x08007cc0                        _etext = .

.vfp11_veneer   0x08007cc0        0x0
 .vfp11_veneer  0x08007cc0        0x0 linker stubs

.v4_bx          0x08007cc0        0x0
 .v4_bx         0x08007cc0        0x0 linker stubs

.iplt           0x08007cc0        0x0
 .iplt          0x08007cc0        0x0 F:/anzhuang/arm-gun-gcc/bin/../lib/gcc/arm-none-eabi/15.2.1/thumb/v7e-m+fp/hard/crtbegin.o

.rodata         0x08007cc0      0x7c8
                0x08007cc0                        . = ALIGN (0x4)
 *(.rodata)
 .rodata        0x08007cc0        0x5 CMakeFiles/PLANT_ASSISTANT.dir/F_/download/1111/plant_assistant/demo/Project/GD32F470Z_BSP/src/c2.c.obj
 *fill*         0x08007cc5        0x3 
 .rodata        0x08007cc8       0x18 CMakeFiles/PLANT_ASSISTANT.dir/F_/download/1111/plant_assistant/Library/Firmware/GD32F4xx_standard_peripheral/Source/gd32f4xx_rcu.c.obj
 *(.rodata*)
 .rodata._printf_float.str1.1
                0x08007ce0      0x1d4 F:/anzhuang/arm-gun-gcc/bin/../lib/gcc/arm-none-eabi/15.2.1/../../../../arm-none-eabi/lib/thumb/v7e-m+fp/hard\libc_nano.a(libc_a-nano-vfprintf_float.o)
                                 0x12 (size before relaxing)
 .rodata._printf_i.str1.1
                0x08007eb4        0x0 F:/anzhuang/arm-gun-gcc/bin/../lib/gcc/arm-none-eabi/15.2.1/../../../../arm-none-eabi/lib/thumb/v7e-m+fp/hard\libc_nano.a(libc_a-nano-vfprintf_i.o)
                                 0x22 (size before relaxing)
 .rodata._dtoa_r.str1.1
                0x08007eb4        0x0 F:/anzhuang/arm-gun-gcc/bin/../lib/gcc/arm-none-eabi/15.2.1/../../../../arm-none-eabi/lib/thumb/v7e-m+fp/hard\libc_nano.a(libc_a-dtoa.o)
                                 0x90 (size before relaxing)
 .rodata._Balloc.str1.1
                0x08007eb4        0x0 F:/anzhuang/arm-gun-gcc/bin/../lib/gcc/arm-none-eabi/15.2.1/../../../../arm-none-eabi/lib/thumb/v7e-m+fp/hard\libc_nano.a(libc_a-mprec.o)
                                 0x71 (size before relaxing)
 .rodata.__multadd.str1.1
                0x08007eb4        0x0 F:/anzhuang/arm-gun-gcc/bin/../lib/gcc/arm-none-eabi/15.2.1/../../../../arm-none-eabi/lib/thumb/v7e-m+fp/hard\libc_nano.a(libc_a-mprec.o)
                                 0x11 (size before relaxing)
 .rodata.p05.0  0x08007eb4        0xc F:/anzhuang/arm-gun-gcc/bin/../lib/gcc/arm-none-eabi/15.2.1/../../../../arm-none-eabi/lib/thumb/v7e-m+fp/hard\libc_nano.a(libc_a-mprec.o)
 .rodata.__mprec_bigtens
                0x08007ec0       0x28 F:/anzhuang/arm-gun-gcc/bin/../lib/gcc/arm-none-eabi/15.2.1/../../../../arm-none-eabi/lib/thumb/v7e-m+fp/hard\libc_nano.a(libc_a-mprec.o)
                0x08007ec0                __mprec_bigtens
 .rodata.__mprec_tens
                0x08007ee8       0xc8 F:/anzhuang/arm-gun-gcc/bin/../lib/gcc/arm-none-eabi/15.2.1/../../../../arm-none-eabi/lib/thumb/v7e-m+fp/hard\libc_nano.a(libc_a-mprec.o)
                0x08007ee8                __mprec_tens
 .rodata._setlocale_r.str1.1
                0x08007fb0        0x0 F:/anzhuang/arm-gun-gcc/bin/../lib/gcc/arm-none-eabi/15.2.1/../../../../arm-none-eabi/lib/thumb/v7e-m+fp/hard\libc_nano.a(libc_a-locale.o)
                                  0x9 (size before relaxing)
 .rodata.str1.1
                0x08007fb0        0x0 F:/anzhuang/arm-gun-gcc/bin/../lib/gcc/arm-none-eabi/15.2.1/../../../../arm-none-eabi/lib/thumb/v7e-m+fp/hard\libc_nano.a(libc_a-locale.o)
                                  0x2 (size before relaxing)
 .rodata.__assert_func.str1.1
                0x08007fb0        0x0 F:/anzhuang/arm-gun-gcc/bin/../lib/gcc/arm-none-eabi/15.2.1/../../../../arm-none-eabi/lib/thumb/v7e-m+fp/hard\libc_nano.a(libc_a-assert.o)
                                 0x3d (size before relaxing)
 .rodata._ctype_
                0x08007fb0      0x101 F:/anzhuang/arm-gun-gcc/bin/../lib/gcc/arm-none-eabi/15.2.1/../../../../arm-none-eabi/lib/thumb/v7e-m+fp/hard\libc_nano.a(libc_a-ctype_.o)
                0x08007fb0                _ctype_
 .rodata._vfprintf_r.str1.1
                0x080080b1        0x0 F:/anzhuang/arm-gun-gcc/bin/../lib/gcc/arm-none-eabi/15.2.1/../../../../arm-none-eabi/lib/thumb/v7e-m+fp/hard\libc_nano.a(libc_a-nano-vfprintf.o)
                                 0x11 (size before relaxing)
 *fill*         0x080080b1        0x3 
 .rodata.hardware_self_test.str1.4
                0x080080b4      0x2ba CMakeFiles/PLANT_ASSISTANT.dir/F_/download/1111/plant_assistant/demo/Project/Application/src/main.c.obj
                                 0x87 (size before relaxing)
 .rodata.handle_key.str1.4
                0x0800836e        0x0 CMakeFiles/PLANT_ASSISTANT.dir/F_/download/1111/plant_assistant/demo/Project/Application/src/main.c.obj
                                 0x58 (size before relaxing)
 .rodata.process_uart0_rx.part.0.str1.4
                0x0800836e        0x0 CMakeFiles/PLANT_ASSISTANT.dir/F_/download/1111/plant_assistant/demo/Project/Application/src/main.c.obj
                                 0x48 (size before relaxing)
 .rodata.main.str1.4
                0x0800836e        0x0 CMakeFiles/PLANT_ASSISTANT.dir/F_/download/1111/plant_assistant/demo/Project/Application/src/main.c.obj
                                0x149 (size before relaxing)
 *fill*         0x0800836e        0x2 
 .rodata.CSWTCH.39
                0x08008370        0x4 CMakeFiles/PLANT_ASSISTANT.dir/F_/download/1111/plant_assistant/demo/Project/Application/src/main.c.obj
 .rodata.CSWTCH.38
                0x08008374        0x4 CMakeFiles/PLANT_ASSISTANT.dir/F_/download/1111/plant_assistant/demo/Project/Application/src/main.c.obj
 .rodata.CSWTCH.37
                0x08008378        0x4 CMakeFiles/PLANT_ASSISTANT.dir/F_/download/1111/plant_assistant/demo/Project/Application/src/main.c.obj
 .rodata.u1p_fusion_decision.str1.4
                0x0800837c        0x0 CMakeFiles/PLANT_ASSISTANT.dir/F_/download/1111/plant_assistant/demo/Project/Application/src/plant_logic.c.obj
                                 0x1a (size before relaxing)
 .rodata.profiles
                0x0800837c       0x90 CMakeFiles/PLANT_ASSISTANT.dir/F_/download/1111/plant_assistant/demo/Project/Application/src/plant_logic.c.obj
 .rodata.disdata
                0x0800840c       0x26 CMakeFiles/PLANT_ASSISTANT.dir/F_/download/1111/plant_assistant/demo/Project/GD32F470Z_BSP/src/e1.c.obj
                0x0800840c                disdata
 .rodata.c2_init.str1.4
                0x08008432        0x0 CMakeFiles/PLANT_ASSISTANT.dir/F_/download/1111/plant_assistant/demo/Project/GD32F470Z_BSP/src/c2.c.obj
                                 0x2e (size before relaxing)
 .rodata._strtod_l.str1.1
                0x08008432        0x0 F:/anzhuang/arm-gun-gcc/bin/../lib/gcc/arm-none-eabi/15.2.1/../../../../arm-none-eabi/lib/thumb/v7e-m+fp/hard\libc_nano.a(libc_a-strtod.o)
                                  0xf (size before relaxing)
 *fill*         0x08008432        0x2 
 .rodata.fpinan.0
                0x08008434       0x14 F:/anzhuang/arm-gun-gcc/bin/../lib/gcc/arm-none-eabi/15.2.1/../../../../arm-none-eabi/lib/thumb/v7e-m+fp/hard\libc_nano.a(libc_a-strtod.o)
 .rodata.fpi.1  0x08008448       0x14 F:/anzhuang/arm-gun-gcc/bin/../lib/gcc/arm-none-eabi/15.2.1/../../../../arm-none-eabi/lib/thumb/v7e-m+fp/hard\libc_nano.a(libc_a-strtod.o)
 *fill*         0x0800845c        0x4 
 .rodata.tinytens
                0x08008460       0x28 F:/anzhuang/arm-gun-gcc/bin/../lib/gcc/arm-none-eabi/15.2.1/../../../../arm-none-eabi/lib/thumb/v7e-m+fp/hard\libc_nano.a(libc_a-strtod.o)
 .rodata.__gethex.str1.1
                0x08008488        0x0 F:/anzhuang/arm-gun-gcc/bin/../lib/gcc/arm-none-eabi/15.2.1/../../../../arm-none-eabi/lib/thumb/v7e-m+fp/hard\libc_nano.a(libc_a-gdtoa-gethex.o)
                                 0x74 (size before relaxing)
 .rodata._svfprintf_r.str1.1
                0x08008488        0x0 F:/anzhuang/arm-gun-gcc/bin/../lib/gcc/arm-none-eabi/15.2.1/../../../../arm-none-eabi/lib/thumb/v7e-m+fp/hard\libc_nano.a(libc_a-nano-svfprintf.o)
                                 0x11 (size before relaxing)
                0x08008488                        . = ALIGN (0x4)

.ARM.extab
 *(.ARM.extab* .gnu.linkonce.armextab.*)

.ARM            0x08008488        0x8
                0x08008488                        __exidx_start = .
 *(.ARM.exidx*)
 .ARM.exidx     0x08008488        0x8 F:/anzhuang/arm-gun-gcc/bin/../lib/gcc/arm-none-eabi/15.2.1/../../../../arm-none-eabi/lib/thumb/v7e-m+fp/hard\libc_nano.a(libc_a-memchr.o)
 .ARM.exidx     0x08008490        0x0 F:/anzhuang/arm-gun-gcc/bin/../lib/gcc/arm-none-eabi/15.2.1/../../../../arm-none-eabi/lib/thumb/v7e-m+fp/hard\libc_nano.a(libc_a-strlen.o)
                                  0x8 (size before relaxing)
                0x08008490                        __exidx_end = .

.rel.dyn        0x08008490        0x0
 .rel.iplt      0x08008490        0x0 F:/anzhuang/arm-gun-gcc/bin/../lib/gcc/arm-none-eabi/15.2.1/thumb/v7e-m+fp/hard/crtbegin.o

.preinit_array  0x08008490        0x0
                0x08008490                        PROVIDE (__preinit_array_start = .)
 *(.preinit_array*)
                0x08008490                        PROVIDE (__preinit_array_end = .)

.init_array     0x08008490        0x4
                0x08008490                        PROVIDE (__init_array_start = .)
 *(SORT_BY_NAME(.init_array.*))
 *(.init_array*)
 .init_array    0x08008490        0x4 F:/anzhuang/arm-gun-gcc/bin/../lib/gcc/arm-none-eabi/15.2.1/thumb/v7e-m+fp/hard/crtbegin.o
                0x08008494                        PROVIDE (__init_array_end = .)

.fini_array     0x08008494        0x4
                [!provide]                        PROVIDE (__fini_array_start = .)
 *(SORT_BY_NAME(.fini_array.*))
 *(.fini_array*)
 .fini_array    0x08008494        0x4 F:/anzhuang/arm-gun-gcc/bin/../lib/gcc/arm-none-eabi/15.2.1/thumb/v7e-m+fp/hard/crtbegin.o
                [!provide]                        PROVIDE (__fini_array_end = .)
                0x08008498                        _sidata = LOADADDR (.data)

.data           0x20000000      0x1cc load address 0x08008498
                0x20000000                        . = ALIGN (0x4)
                0x20000000                        _sdata = .
 *(.data)
 *(.data*)
 .data.__sglue  0x20000000        0xc F:/anzhuang/arm-gun-gcc/bin/../lib/gcc/arm-none-eabi/15.2.1/../../../../arm-none-eabi/lib/thumb/v7e-m+fp/hard\libc_nano.a(libc_a-findfp.o)
                0x20000000                __sglue
 .data._impure_ptr
                0x2000000c        0x4 F:/anzhuang/arm-gun-gcc/bin/../lib/gcc/arm-none-eabi/15.2.1/../../../../arm-none-eabi/lib/thumb/v7e-m+fp/hard\libc_nano.a(libc_a-impure.o)
                0x2000000c                _impure_ptr
 .data._impure_data
                0x20000010       0x4c F:/anzhuang/arm-gun-gcc/bin/../lib/gcc/arm-none-eabi/15.2.1/../../../../arm-none-eabi/lib/thumb/v7e-m+fp/hard\libc_nano.a(libc_a-impure.o)
                0x20000010                _impure_data
 .data.__global_locale
                0x2000005c      0x16c F:/anzhuang/arm-gun-gcc/bin/../lib/gcc/arm-none-eabi/15.2.1/../../../../arm-none-eabi/lib/thumb/v7e-m+fp/hard\libc_nano.a(libc_a-locale.o)
                0x2000005c                __global_locale
 .data.SystemCoreClock
                0x200001c8        0x4 CMakeFiles/PLANT_ASSISTANT.dir/F_/download/1111/plant_assistant/Library/Firmware/CMSIS/GD/GD32F4xx/Source/system_gd32f4xx.c.obj
                0x200001c8                SystemCoreClock
                0x200001cc                        . = ALIGN (0x4)
                0x200001cc                        _edata = .

.tm_clone_table
                0x200001cc        0x0 load address 0x08008664
 .tm_clone_table
                0x200001cc        0x0 F:/anzhuang/arm-gun-gcc/bin/../lib/gcc/arm-none-eabi/15.2.1/thumb/v7e-m+fp/hard/crtbegin.o
 .tm_clone_table
                0x200001cc        0x0 F:/anzhuang/arm-gun-gcc/bin/../lib/gcc/arm-none-eabi/15.2.1/thumb/v7e-m+fp/hard/crtend.o

.igot.plt       0x200001cc        0x0 load address 0x08008664
 .igot.plt      0x200001cc        0x0 F:/anzhuang/arm-gun-gcc/bin/../lib/gcc/arm-none-eabi/15.2.1/thumb/v7e-m+fp/hard/crtbegin.o

.bss            0x200001cc      0x670 load address 0x08008664
                0x200001cc                        . = ALIGN (0x4)
                0x200001cc                        _sbss = .
                0x200001cc                        __bss_start__ = _sbss
 *(.bss)
 *(.bss*)
 .bss.completed.1
                0x200001cc        0x1 F:/anzhuang/arm-gun-gcc/bin/../lib/gcc/arm-none-eabi/15.2.1/thumb/v7e-m+fp/hard/crtbegin.o
 *fill*         0x200001cd        0x3 
 .bss.object.0  0x200001d0       0x18 F:/anzhuang/arm-gun-gcc/bin/../lib/gcc/arm-none-eabi/15.2.1/thumb/v7e-m+fp/hard/crtbegin.o
 .bss.__sf      0x200001e8      0x138 F:/anzhuang/arm-gun-gcc/bin/../lib/gcc/arm-none-eabi/15.2.1/../../../../arm-none-eabi/lib/thumb/v7e-m+fp/hard\libc_nano.a(libc_a-findfp.o)
                0x200001e8                __sf
 .bss.__stdio_exit_handler
                0x20000320        0x4 F:/anzhuang/arm-gun-gcc/bin/../lib/gcc/arm-none-eabi/15.2.1/../../../../arm-none-eabi/lib/thumb/v7e-m+fp/hard\libc_nano.a(libc_a-findfp.o)
                0x20000320                __stdio_exit_handler
 .bss.errno     0x20000324        0x4 F:/anzhuang/arm-gun-gcc/bin/../lib/gcc/arm-none-eabi/15.2.1/../../../../arm-none-eabi/lib/thumb/v7e-m+fp/hard\libc_nano.a(libc_a-reent.o)
                0x20000324                errno
 .bss.__lock___malloc_recursive_mutex
                0x20000328        0x1 F:/anzhuang/arm-gun-gcc/bin/../lib/gcc/arm-none-eabi/15.2.1/../../../../arm-none-eabi/lib/thumb/v7e-m+fp/hard\libc_nano.a(libc_a-lock.o)
                0x20000328                __lock___malloc_recursive_mutex
 .bss.__lock___sfp_recursive_mutex
                0x20000329        0x1 F:/anzhuang/arm-gun-gcc/bin/../lib/gcc/arm-none-eabi/15.2.1/../../../../arm-none-eabi/lib/thumb/v7e-m+fp/hard\libc_nano.a(libc_a-lock.o)
                0x20000329                __lock___sfp_recursive_mutex
 *fill*         0x2000032a        0x2 
 .bss.__malloc_sbrk_start
                0x2000032c        0x4 F:/anzhuang/arm-gun-gcc/bin/../lib/gcc/arm-none-eabi/15.2.1/../../../../arm-none-eabi/lib/thumb/v7e-m+fp/hard\libc_nano.a(libc_a-mallocr.o)
                0x2000032c                __malloc_sbrk_start
 .bss.__malloc_free_list
                0x20000330        0x4 F:/anzhuang/arm-gun-gcc/bin/../lib/gcc/arm-none-eabi/15.2.1/../../../../arm-none-eabi/lib/thumb/v7e-m+fp/hard\libc_nano.a(libc_a-mallocr.o)
                0x20000330                __malloc_free_list
 .bss.heap_end.0
                0x20000334        0x4 F:/anzhuang/arm-gun-gcc/bin/../lib/gcc/arm-none-eabi/15.2.1/../../../../arm-none-eabi/lib/thumb/v7e-m+fp/hard\libnosys.a(sbrk.o)
 .bss.curtain_pos.0
                0x20000338        0x1 CMakeFiles/PLANT_ASSISTANT.dir/F_/download/1111/plant_assistant/demo/Project/Application/src/main.c.obj
 .bss.c2_ok     0x20000339        0x1 CMakeFiles/PLANT_ASSISTANT.dir/F_/download/1111/plant_assistant/demo/Project/Application/src/main.c.obj
 *fill*         0x2000033a        0x2 
 .bss.print_buffer
                0x2000033c       0x64 CMakeFiles/PLANT_ASSISTANT.dir/F_/download/1111/plant_assistant/demo/Project/Application/src/main.c.obj
                0x2000033c                print_buffer
 .bss.s2_light_board
                0x200003a0        0x8 CMakeFiles/PLANT_ASSISTANT.dir/F_/download/1111/plant_assistant/demo/Project/Application/src/main.c.obj
                0x200003a0                s2_light_board
 .bss.s2_sht35_board
                0x200003a8        0x8 CMakeFiles/PLANT_ASSISTANT.dir/F_/download/1111/plant_assistant/demo/Project/Application/src/main.c.obj
                0x200003a8                s2_sht35_board
 .bss.e3_curtain_board
                0x200003b0        0x8 CMakeFiles/PLANT_ASSISTANT.dir/F_/download/1111/plant_assistant/demo/Project/Application/src/main.c.obj
                0x200003b0                e3_curtain_board
 .bss.e2_fan_board
                0x200003b8        0x8 CMakeFiles/PLANT_ASSISTANT.dir/F_/download/1111/plant_assistant/demo/Project/Application/src/main.c.obj
                0x200003b8                e2_fan_board
 .bss.e1_rgb_board
                0x200003c0        0x8 CMakeFiles/PLANT_ASSISTANT.dir/F_/download/1111/plant_assistant/demo/Project/Application/src/main.c.obj
                0x200003c0                e1_rgb_board
 .bss.e1_tube_board
                0x200003c8        0x8 CMakeFiles/PLANT_ASSISTANT.dir/F_/download/1111/plant_assistant/demo/Project/Application/src/main.c.obj
                0x200003c8                e1_tube_board
 .bss.s1_board  0x200003d0        0x8 CMakeFiles/PLANT_ASSISTANT.dir/F_/download/1111/plant_assistant/demo/Project/Application/src/main.c.obj
                0x200003d0                s1_board
 .bss.rgb_mode  0x200003d8        0x1 CMakeFiles/PLANT_ASSISTANT.dir/F_/download/1111/plant_assistant/demo/Project/Application/src/main.c.obj
 .bss.second_flag
                0x200003d9        0x1 CMakeFiles/PLANT_ASSISTANT.dir/F_/download/1111/plant_assistant/demo/Project/Application/src/main.c.obj
                0x200003d9                second_flag
 .bss.current_plant_type
                0x200003da        0x1 CMakeFiles/PLANT_ASSISTANT.dir/F_/download/1111/plant_assistant/demo/Project/Application/src/plant_logic.c.obj
                0x200003da                current_plant_type
 *fill*         0x200003db        0x1 
 .bss.current_env
                0x200003dc       0x1c CMakeFiles/PLANT_ASSISTANT.dir/F_/download/1111/plant_assistant/demo/Project/Application/src/plant_logic.c.obj
                0x200003dc                current_env
 .bss.current_profile
                0x200003f8       0x30 CMakeFiles/PLANT_ASSISTANT.dir/F_/download/1111/plant_assistant/demo/Project/Application/src/plant_logic.c.obj
                0x200003f8                current_profile
 .bss.time_count
                0x20000428        0x2 CMakeFiles/PLANT_ASSISTANT.dir/F_/download/1111/plant_assistant/demo/Project/GD32F470Z_BSP/src/systick.c.obj
 *fill*         0x2000042a        0x2 
 .bss.tick_ms   0x2000042c        0x4 CMakeFiles/PLANT_ASSISTANT.dir/F_/download/1111/plant_assistant/demo/Project/GD32F470Z_BSP/src/systick.c.obj
                0x2000042c                tick_ms
 .bss.delay     0x20000430        0x4 CMakeFiles/PLANT_ASSISTANT.dir/F_/download/1111/plant_assistant/demo/Project/GD32F470Z_BSP/src/systick.c.obj
 .bss.uart2_rx_len
                0x20000434        0x2 CMakeFiles/PLANT_ASSISTANT.dir/F_/download/1111/plant_assistant/demo/Project/GD32F470Z_BSP/src/uart.c.obj
                0x20000434                uart2_rx_len
 *fill*         0x20000436        0x2 
 .bss.uart2_rx_buf
                0x20000438      0x200 CMakeFiles/PLANT_ASSISTANT.dir/F_/download/1111/plant_assistant/demo/Project/GD32F470Z_BSP/src/uart.c.obj
                0x20000438                uart2_rx_buf
 .bss.uart0_rx_len
                0x20000638        0x2 CMakeFiles/PLANT_ASSISTANT.dir/F_/download/1111/plant_assistant/demo/Project/GD32F470Z_BSP/src/uart.c.obj
                0x20000638                uart0_rx_len
 *fill*         0x2000063a        0x2 
 .bss.uart0_rx_buf
                0x2000063c      0x200 CMakeFiles/PLANT_ASSISTANT.dir/F_/download/1111/plant_assistant/demo/Project/GD32F470Z_BSP/src/uart.c.obj
                0x2000063c                uart0_rx_buf
 *(COMMON)
                0x2000083c                        . = ALIGN (0x4)
                0x2000083c                        _ebss = .
                0x2000083c                        __bss_end__ = _ebss

.stack          0x10000000      0x400
                0x10000000                        . = ALIGN (0x8)
                0x10000000                        __StackLimit = .
                0x10000400                        . = (. + _Min_Stack_Size)
 *fill*         0x10000000      0x400 
                0x10000400                        . = ALIGN (0x8)
                0x10000400                        __StackTop = .

.heap           0x2000083c      0x404
                0x20000840                        . = ALIGN (0x8)
 *fill*         0x2000083c        0x4 
                0x20000840                        end = .
                0x20000840                        __HeapBase = .
                0x20000c40                        . = (. + _Min_Heap_Size)
 *fill*         0x20000840      0x400 
                0x20000c40                        . = ALIGN (0x8)
                0x20000c40                        __HeapLimit = .

/DISCARD/
 libc.a(*)
 libm.a(*)
 libgcc.a(*)

.ARM.attributes
                0x00000000       0x30
 *(.ARM.attributes)
 .ARM.attributes
                0x00000000       0x22 F:/anzhuang/arm-gun-gcc/bin/../lib/gcc/arm-none-eabi/15.2.1/thumb/v7e-m+fp/hard/crti.o
 .ARM.attributes
                0x00000022       0x34 F:/anzhuang/arm-gun-gcc/bin/../lib/gcc/arm-none-eabi/15.2.1/thumb/v7e-m+fp/hard/crtbegin.o
 .ARM.attributes
                0x00000056       0x34 F:/anzhuang/arm-gun-gcc/bin/../lib/gcc/arm-none-eabi/15.2.1/../../../../arm-none-eabi/lib/thumb/v7e-m+fp/hard\libc_nano.a(libc_a-nano-vfprintf_float.o)
 .ARM.attributes
                0x0000008a       0x34 F:/anzhuang/arm-gun-gcc/bin/../lib/gcc/arm-none-eabi/15.2.1/../../../../arm-none-eabi/lib/thumb/v7e-m+fp/hard\libc_nano.a(libc_a-nano-vfprintf_i.o)
 .ARM.attributes
                0x000000be       0x34 F:/anzhuang/arm-gun-gcc/bin/../lib/gcc/arm-none-eabi/15.2.1/../../../../arm-none-eabi/lib/thumb/v7e-m+fp/hard\libc_nano.a(libc_a-findfp.o)
 .ARM.attributes
                0x000000f2       0x34 F:/anzhuang/arm-gun-gcc/bin/../lib/gcc/arm-none-eabi/15.2.1/../../../../arm-none-eabi/lib/thumb/v7e-m+fp/hard\libc_nano.a(libc_a-fwalk.o)
 .ARM.attributes
                0x00000126       0x34 F:/anzhuang/arm-gun-gcc/bin/../lib/gcc/arm-none-eabi/15.2.1/../../../../arm-none-eabi/lib/thumb/v7e-m+fp/hard\libc_nano.a(libc_a-stdio.o)
 .ARM.attributes
                0x0000015a       0x34 F:/anzhuang/arm-gun-gcc/bin/../lib/gcc/arm-none-eabi/15.2.1/../../../../arm-none-eabi/lib/thumb/v7e-m+fp/hard\libc_nano.a(libc_a-memset.o)
 .ARM.attributes
                0x0000018e       0x34 F:/anzhuang/arm-gun-gcc/bin/../lib/gcc/arm-none-eabi/15.2.1/../../../../arm-none-eabi/lib/thumb/v7e-m+fp/hard\libc_nano.a(libc_a-localeconv.o)
 .ARM.attributes
                0x000001c2       0x34 F:/anzhuang/arm-gun-gcc/bin/../lib/gcc/arm-none-eabi/15.2.1/../../../../arm-none-eabi/lib/thumb/v7e-m+fp/hard\libc_nano.a(libc_a-closer.o)
 .ARM.attributes
                0x000001f6       0x34 F:/anzhuang/arm-gun-gcc/bin/../lib/gcc/arm-none-eabi/15.2.1/../../../../arm-none-eabi/lib/thumb/v7e-m+fp/hard\libc_nano.a(libc_a-reent.o)
 .ARM.attributes
                0x0000022a       0x34 F:/anzhuang/arm-gun-gcc/bin/../lib/gcc/arm-none-eabi/15.2.1/../../../../arm-none-eabi/lib/thumb/v7e-m+fp/hard\libc_nano.a(libc_a-impure.o)
 .ARM.attributes
                0x0000025e       0x34 F:/anzhuang/arm-gun-gcc/bin/../lib/gcc/arm-none-eabi/15.2.1/../../../../arm-none-eabi/lib/thumb/v7e-m+fp/hard\libc_nano.a(libc_a-lseekr.o)
 .ARM.attributes
                0x00000292       0x34 F:/anzhuang/arm-gun-gcc/bin/../lib/gcc/arm-none-eabi/15.2.1/../../../../arm-none-eabi/lib/thumb/v7e-m+fp/hard\libc_nano.a(libc_a-readr.o)
 .ARM.attributes
                0x000002c6       0x34 F:/anzhuang/arm-gun-gcc/bin/../lib/gcc/arm-none-eabi/15.2.1/../../../../arm-none-eabi/lib/thumb/v7e-m+fp/hard\libc_nano.a(libc_a-writer.o)
 .ARM.attributes
                0x000002fa       0x34 F:/anzhuang/arm-gun-gcc/bin/../lib/gcc/arm-none-eabi/15.2.1/../../../../arm-none-eabi/lib/thumb/v7e-m+fp/hard\libc_nano.a(libc_a-lock.o)
 .ARM.attributes
                0x0000032e       0x1c F:/anzhuang/arm-gun-gcc/bin/../lib/gcc/arm-none-eabi/15.2.1/../../../../arm-none-eabi/lib/thumb/v7e-m+fp/hard\libc_nano.a(libc_a-memchr.o)
 .ARM.attributes
                0x0000034a       0x17 F:/anzhuang/arm-gun-gcc/bin/../lib/gcc/arm-none-eabi/15.2.1/../../../../arm-none-eabi/lib/thumb/v7e-m+fp/hard\libc_nano.a(libc_a-strlen.o)
 .ARM.attributes
                0x00000361       0x34 F:/anzhuang/arm-gun-gcc/bin/../lib/gcc/arm-none-eabi/15.2.1/../../../../arm-none-eabi/lib/thumb/v7e-m+fp/hard\libc_nano.a(libc_a-dtoa.o)
 .ARM.attributes
                0x00000395       0x34 F:/anzhuang/arm-gun-gcc/bin/../lib/gcc/arm-none-eabi/15.2.1/../../../../arm-none-eabi/lib/thumb/v7e-m+fp/hard\libc_nano.a(libc_a-freer.o)
 .ARM.attributes
                0x000003c9       0x34 F:/anzhuang/arm-gun-gcc/bin/../lib/gcc/arm-none-eabi/15.2.1/../../../../arm-none-eabi/lib/thumb/v7e-m+fp/hard\libc_nano.a(libc_a-malloc.o)
 .ARM.attributes
                0x000003fd       0x34 F:/anzhuang/arm-gun-gcc/bin/../lib/gcc/arm-none-eabi/15.2.1/../../../../arm-none-eabi/lib/thumb/v7e-m+fp/hard\libc_nano.a(libc_a-mallocr.o)
 .ARM.attributes
                0x00000431       0x34 F:/anzhuang/arm-gun-gcc/bin/../lib/gcc/arm-none-eabi/15.2.1/../../../../arm-none-eabi/lib/thumb/v7e-m+fp/hard\libc_nano.a(libc_a-mlock.o)
 .ARM.attributes
                0x00000465       0x34 F:/anzhuang/arm-gun-gcc/bin/../lib/gcc/arm-none-eabi/15.2.1/../../../../arm-none-eabi/lib/thumb/v7e-m+fp/hard\libc_nano.a(libc_a-mprec.o)
 .ARM.attributes
                0x00000499       0x34 F:/anzhuang/arm-gun-gcc/bin/../lib/gcc/arm-none-eabi/15.2.1/../../../../arm-none-eabi/lib/thumb/v7e-m+fp/hard\libc_nano.a(libc_a-fflush.o)
 .ARM.attributes
                0x000004cd       0x34 F:/anzhuang/arm-gun-gcc/bin/../lib/gcc/arm-none-eabi/15.2.1/../../../../arm-none-eabi/lib/thumb/v7e-m+fp/hard\libc_nano.a(libc_a-locale.o)
 .ARM.attributes
                0x00000501       0x34 F:/anzhuang/arm-gun-gcc/bin/../lib/gcc/arm-none-eabi/15.2.1/../../../../arm-none-eabi/lib/thumb/v7e-m+fp/hard\libc_nano.a(libc_a-sbrkr.o)
 .ARM.attributes
                0x00000535       0x34 F:/anzhuang/arm-gun-gcc/bin/../lib/gcc/arm-none-eabi/15.2.1/../../../../arm-none-eabi/lib/thumb/v7e-m+fp/hard\libc_nano.a(libc_a-memcpy-stub.o)
 .ARM.attributes
                0x00000569       0x34 F:/anzhuang/arm-gun-gcc/bin/../lib/gcc/arm-none-eabi/15.2.1/../../../../arm-none-eabi/lib/thumb/v7e-m+fp/hard\libc_nano.a(libc_a-assert.o)
 .ARM.attributes
                0x0000059d       0x34 F:/anzhuang/arm-gun-gcc/bin/../lib/gcc/arm-none-eabi/15.2.1/../../../../arm-none-eabi/lib/thumb/v7e-m+fp/hard\libc_nano.a(libc_a-callocr.o)
 .ARM.attributes
                0x000005d1       0x34 F:/anzhuang/arm-gun-gcc/bin/../lib/gcc/arm-none-eabi/15.2.1/../../../../arm-none-eabi/lib/thumb/v7e-m+fp/hard\libc_nano.a(libc_a-mbtowc_r.o)
 .ARM.attributes
                0x00000605       0x34 F:/anzhuang/arm-gun-gcc/bin/../lib/gcc/arm-none-eabi/15.2.1/../../../../arm-none-eabi/lib/thumb/v7e-m+fp/hard\libc_nano.a(libc_a-wctomb_r.o)
 .ARM.attributes
                0x00000639       0x34 F:/anzhuang/arm-gun-gcc/bin/../lib/gcc/arm-none-eabi/15.2.1/../../../../arm-none-eabi/lib/thumb/v7e-m+fp/hard\libc_nano.a(libc_a-ctype_.o)
 .ARM.attributes
                0x0000066d       0x34 F:/anzhuang/arm-gun-gcc/bin/../lib/gcc/arm-none-eabi/15.2.1/../../../../arm-none-eabi/lib/thumb/v7e-m+fp/hard\libc_nano.a(libc_a-fprintf.o)
 .ARM.attributes
                0x000006a1       0x34 F:/anzhuang/arm-gun-gcc/bin/../lib/gcc/arm-none-eabi/15.2.1/../../../../arm-none-eabi/lib/thumb/v7e-m+fp/hard\libc_nano.a(libc_a-abort.o)
 .ARM.attributes
                0x000006d5       0x34 F:/anzhuang/arm-gun-gcc/bin/../lib/gcc/arm-none-eabi/15.2.1/../../../../arm-none-eabi/lib/thumb/v7e-m+fp/hard\libc_nano.a(libc_a-nano-vfprintf.o)
 .ARM.attributes
                0x00000709       0x34 F:/anzhuang/arm-gun-gcc/bin/../lib/gcc/arm-none-eabi/15.2.1/../../../../arm-none-eabi/lib/thumb/v7e-m+fp/hard\libc_nano.a(libc_a-wbuf.o)
 .ARM.attributes
                0x0000073d       0x34 F:/anzhuang/arm-gun-gcc/bin/../lib/gcc/arm-none-eabi/15.2.1/../../../../arm-none-eabi/lib/thumb/v7e-m+fp/hard\libc_nano.a(libc_a-wsetup.o)
 .ARM.attributes
                0x00000771       0x34 F:/anzhuang/arm-gun-gcc/bin/../lib/gcc/arm-none-eabi/15.2.1/../../../../arm-none-eabi/lib/thumb/v7e-m+fp/hard\libc_nano.a(libc_a-memmove.o)
 .ARM.attributes
                0x000007a5       0x34 F:/anzhuang/arm-gun-gcc/bin/../lib/gcc/arm-none-eabi/15.2.1/../../../../arm-none-eabi/lib/thumb/v7e-m+fp/hard\libc_nano.a(libc_a-signal.o)
 .ARM.attributes
                0x000007d9       0x34 F:/anzhuang/arm-gun-gcc/bin/../lib/gcc/arm-none-eabi/15.2.1/../../../../arm-none-eabi/lib/thumb/v7e-m+fp/hard\libc_nano.a(libc_a-signalr.o)
 .ARM.attributes
                0x0000080d       0x34 F:/anzhuang/arm-gun-gcc/bin/../lib/gcc/arm-none-eabi/15.2.1/../../../../arm-none-eabi/lib/thumb/v7e-m+fp/hard\libc_nano.a(libc_a-reallocr.o)
 .ARM.attributes
                0x00000841       0x34 F:/anzhuang/arm-gun-gcc/bin/../lib/gcc/arm-none-eabi/15.2.1/../../../../arm-none-eabi/lib/thumb/v7e-m+fp/hard\libc_nano.a(libc_a-makebuf.o)
 .ARM.attributes
                0x00000875       0x34 F:/anzhuang/arm-gun-gcc/bin/../lib/gcc/arm-none-eabi/15.2.1/../../../../arm-none-eabi/lib/thumb/v7e-m+fp/hard\libc_nano.a(libc_a-fstatr.o)
 .ARM.attributes
                0x000008a9       0x34 F:/anzhuang/arm-gun-gcc/bin/../lib/gcc/arm-none-eabi/15.2.1/../../../../arm-none-eabi/lib/thumb/v7e-m+fp/hard\libc_nano.a(libc_a-isattyr.o)
 .ARM.attributes
                0x000008dd       0x34 F:/anzhuang/arm-gun-gcc/bin/../lib/gcc/arm-none-eabi/15.2.1/../../../../arm-none-eabi/lib/thumb/v7e-m+fp/hard\libc_nano.a(libc_a-msizer.o)
 .ARM.attributes
                0x00000911       0x34 F:/anzhuang/arm-gun-gcc/bin/../lib/gcc/arm-none-eabi/15.2.1/../../../../arm-none-eabi/lib/thumb/v7e-m+fp/hard\libnosys.a(close.o)
 .ARM.attributes
                0x00000945       0x34 F:/anzhuang/arm-gun-gcc/bin/../lib/gcc/arm-none-eabi/15.2.1/../../../../arm-none-eabi/lib/thumb/v7e-m+fp/hard\libnosys.a(fstat.o)
 .ARM.attributes
                0x00000979       0x34 F:/anzhuang/arm-gun-gcc/bin/../lib/gcc/arm-none-eabi/15.2.1/../../../../arm-none-eabi/lib/thumb/v7e-m+fp/hard\libnosys.a(getpid.o)
 .ARM.attributes
                0x000009ad       0x34 F:/anzhuang/arm-gun-gcc/bin/../lib/gcc/arm-none-eabi/15.2.1/../../../../arm-none-eabi/lib/thumb/v7e-m+fp/hard\libnosys.a(isatty.o)
 .ARM.attributes
                0x000009e1       0x34 F:/anzhuang/arm-gun-gcc/bin/../lib/gcc/arm-none-eabi/15.2.1/../../../../arm-none-eabi/lib/thumb/v7e-m+fp/hard\libnosys.a(kill.o)
 .ARM.attributes
                0x00000a15       0x34 F:/anzhuang/arm-gun-gcc/bin/../lib/gcc/arm-none-eabi/15.2.1/../../../../arm-none-eabi/lib/thumb/v7e-m+fp/hard\libnosys.a(lseek.o)
 .ARM.attributes
                0x00000a49       0x34 F:/anzhuang/arm-gun-gcc/bin/../lib/gcc/arm-none-eabi/15.2.1/../../../../arm-none-eabi/lib/thumb/v7e-m+fp/hard\libnosys.a(read.o)